Archive member included to satisfy reference by file (symbol)

c:/program files/microchip/xc32/v4.10/bin/bin/../../lib/gcc/pic32c/8.3.1/../../../../pic32c/lib/thumb/v7e-m+fp/hard\libpic32c.a(data_init.o)
                              build/default/production/_ext/1171490990/startup_xc32.o (__pic32c_data_initialization)
c:/program files/microchip/xc32/v4.10/bin/bin/../../lib/gcc/pic32c/8.3.1/../../../../pic32c/lib/thumb/v7e-m+fp/hard\libc-musl.a(__libc_start_main.o)
                              build/default/production/_ext/1171490990/startup_xc32.o (__libc_init_array)
c:/program files/microchip/xc32/v4.10/bin/bin/../../lib/gcc/pic32c/8.3.1/../../../../pic32c/lib/thumb/v7e-m+fp/hard\libc-musl.a(libc.o)
                              c:/program files/microchip/xc32/v4.10/bin/bin/../../lib/gcc/pic32c/8.3.1/../../../../pic32c/lib/thumb/v7e-m+fp/hard\libc-musl.a(__libc_start_main.o) (__progname_full)
c:/program files/microchip/xc32/v4.10/bin/bin/../../lib/gcc/pic32c/8.3.1/../../../../pic32c/lib/thumb/v7e-m+fp/hard\libc-musl.a(malloc.o)
                              build/default/production/_ext/1360937237/pdu_packet.o (free)
c:/program files/microchip/xc32/v4.10/bin/bin/../../lib/gcc/pic32c/8.3.1/../../../../pic32c/lib/thumb/v7e-m+fp/hard\libc-musl.a(expand_heap.o)
                              c:/program files/microchip/xc32/v4.10/bin/bin/../../lib/gcc/pic32c/8.3.1/../../../../pic32c/lib/thumb/v7e-m+fp/hard\libc-musl.a(malloc.o) (__expand_heap)
c:/program files/microchip/xc32/v4.10/bin/bin/../../lib/gcc/pic32c/8.3.1/../../../../pic32c/lib/thumb/v7e-m+fp/hard\libc-musl.a(stdin.o)
                              build/default/production/_ext/1171490990/initialization.o (_stdin)
c:/program files/microchip/xc32/v4.10/bin/bin/../../lib/gcc/pic32c/8.3.1/../../../../pic32c/lib/thumb/v7e-m+fp/hard\libc-musl.a(stdout.o)
                              build/default/production/_ext/1171490990/initialization.o (_stdout)
c:/program files/microchip/xc32/v4.10/bin/bin/../../lib/gcc/pic32c/8.3.1/../../../../pic32c/lib/thumb/v7e-m+fp/hard\libc-musl.a(setbuf.o)
                              build/default/production/_ext/1171490990/initialization.o (setbuf)
c:/program files/microchip/xc32/v4.10/bin/bin/../../lib/gcc/pic32c/8.3.1/../../../../pic32c/lib/thumb/v7e-m+fp/hard\libc-musl.a(memcmp.o)
                              build/default/production/_ext/1100529066/drv_sdspi.o (memcmp)
c:/program files/microchip/xc32/v4.10/bin/bin/../../lib/gcc/pic32c/8.3.1/../../../../pic32c/lib/thumb/v7e-m+fp/hard\libc-musl.a(memcpy.o)
                              build/default/production/_ext/1593096446/plib_nvmctrl.o (memcpy)
c:/program files/microchip/xc32/v4.10/bin/bin/../../lib/gcc/pic32c/8.3.1/../../../../pic32c/lib/thumb/v7e-m+fp/hard\libc-musl.a(memset.o)
                              build/default/production/_ext/411819097/ff.o (memset)
c:/program files/microchip/xc32/v4.10/bin/bin/../../lib/gcc/pic32c/8.3.1/../../../../pic32c/lib/thumb/v7e-m+fp/hard\libc-musl.a(strlen.o)
                              build/default/production/_ext/1269487135/sys_fs.o (strlen)
c:/program files/microchip/xc32/v4.10/bin/bin/../../lib/gcc/pic32c/8.3.1/../../../../pic32c/lib/thumb/v7e-m+fp/hard\libc-musl.a(strstr.o)
                              build/default/production/_ext/1360937237/app.o (strstr)
c:/program files/microchip/xc32/v4.10/bin/bin/../../lib/gcc/pic32c/8.3.1/../../../../pic32c/lib/thumb/v7e-m+fp/hard\libc-musl.a(strchr.o)
                              build/default/production/_ext/411819097/ff.o (strchr)
c:/program files/microchip/xc32/v4.10/bin/bin/../../lib/gcc/pic32c/8.3.1/../../../../pic32c/lib/thumb/v7e-m+fp/hard\libc-musl.a(strchrnul.o)
                              c:/program files/microchip/xc32/v4.10/bin/bin/../../lib/gcc/pic32c/8.3.1/../../../../pic32c/lib/thumb/v7e-m+fp/hard\libc-musl.a(strchr.o) (__strchrnul)
c:/program files/microchip/xc32/v4.10/bin/bin/../../lib/gcc/pic32c/8.3.1/../../../../pic32c/lib/thumb/v7e-m+fp/hard\libc-musl.a(strcmp.o)
                              build/default/production/_ext/1269487135/sys_fs_media_manager.o (strcmp)
c:/program files/microchip/xc32/v4.10/bin/bin/../../lib/gcc/pic32c/8.3.1/../../../../pic32c/lib/thumb/v7e-m+fp/hard\libc-musl.a(strcpy.o)
                              build/default/production/_ext/1269487135/sys_fs.o (strcpy)
c:/program files/microchip/xc32/v4.10/bin/bin/../../lib/gcc/pic32c/8.3.1/../../../../pic32c/lib/thumb/v7e-m+fp/hard\libc-musl.a(strncmp.o)
                              build/default/production/_ext/1269487135/sys_fs.o (strncmp)
c:/program files/microchip/xc32/v4.10/bin/bin/../../lib/gcc/pic32c/8.3.1/../../../../pic32c/lib/thumb/v7e-m+fp/hard\libc-musl.a(__environ.o)
                              c:/program files/microchip/xc32/v4.10/bin/bin/../../lib/gcc/pic32c/8.3.1/../../../../pic32c/lib/thumb/v7e-m+fp/hard\libc-musl.a(__libc_start_main.o) (__environ)
[...]
Memory Configuration

Name             Origin             Length             Attributes
rom              0x00000000         0x00100000         xrl
ram              0x20000000         0x00040000         xw !r
tcm              0x03000000         0x00000000         xw
bkupram          0x47000000         0x00002000
config_00804000  0x00804000         0x00000004
config_00804008  0x00804008         0x00000004
config_00804004  0x00804004         0x00000004
*default*        0x00000000         0xffffffff

Linker script and memory map

LOAD c:/program files/microchip/xc32/v4.10/bin/bin/../../lib/gcc/pic32c/8.3.1/thumb/v7e-m+fp/hard/crti.o
LOAD c:/program files/microchip/xc32/v4.10/bin/bin/../../lib/gcc/pic32c/8.3.1/thumb/v7e-m+fp/hard/crtbegin.o
LOAD build/default/production/_ext/1100529066/drv_sdspi.o
LOAD build/default/production/_ext/1100529066/drv_sdspi_driver_interface.o
LOAD build/default/production/_ext/1100529066/drv_sdspi_file_system.o
LOAD build/default/production/_ext/2070931557/drv_spi.o
LOAD build/default/production/_ext/1529399856/osal_freertos.o
LOAD build/default/production/_ext/1984496892/plib_clock.o
LOAD build/default/production/_ext/1865131932/plib_cmcc.o
LOAD build/default/production/_ext/1986646378/plib_evsys.o
LOAD build/default/production/_ext/1865468468/plib_nvic.o
LOAD build/default/production/_ext/1593096446/plib_nvmctrl.o
LOAD build/default/production/_ext/1865521619/plib_port.o
LOAD build/default/production/_ext/60180175/plib_rtc_timer.o
LOAD build/default/production/_ext/714983638/plib_sercom4_i2c_slave.o
LOAD build/default/production/_ext/17022449/plib_sercom2_spi_master.o
LOAD build/default/production/_ext/504274921/plib_sercom3_usart.o
LOAD build/default/production/_ext/60184501/plib_wdt.o
LOAD build/default/production/_ext/163028504/xc32_monitor.o
LOAD build/default/production/_ext/1014039709/sys_cache.o
LOAD build/default/production/_ext/14461671/sys_dma.o
LOAD build/default/production/_ext/411819097/ff.o
LOAD build/default/production/_ext/411819097/ffunicode.o
LOAD build/default/production/_ext/565198302/diskio.o
LOAD build/default/production/_ext/1269487135/sys_fs.o
LOAD build/default/production/_ext/1269487135/sys_fs_media_manager.o
LOAD build/default/production/_ext/1269487135/sys_fs_fat_interface.o
LOAD build/default/production/_ext/1881668453/sys_int.o
LOAD build/default/production/_ext/101884895/sys_time.o
LOAD build/default/production/_ext/1171490990/initialization.o
LOAD build/default/production/_ext/1171490990/interrupts.o
LOAD build/default/production/_ext/1171490990/exceptions.o
LOAD build/default/production/_ext/1171490990/startup_xc32.o
LOAD build/default/production/_ext/1171490990/libc_syscalls.o
LOAD build/default/production/_ext/1171490990/freertos_hooks.o
LOAD build/default/production/_ext/1171490990/tasks.o
LOAD build/default/production/_ext/246609638/port.o
LOAD build/default/production/_ext/1665200909/heap_1.o
LOAD build/default/production/_ext/404212886/croutine.o
LOAD build/default/production/_ext/404212886/list.o
LOAD build/default/production/_ext/404212886/queue.o
LOAD build/default/production/_ext/404212886/FreeRTOS_tasks.o
LOAD build/default/production/_ext/404212886/timers.o
LOAD build/default/production/_ext/404212886/event_groups.o
LOAD build/default/production/_ext/404212886/stream_buffer.o
LOAD build/default/production/_ext/1360937237/main.o
LOAD build/default/production/_ext/1360937237/app.o
LOAD build/default/production/_ext/1360937237/pdu_packet.o
                0x00000001                __MPLAB_BUILD = 0x1
                0x00100000                __rom_end = (ORIGIN (rom) + LENGTH (rom))
                0x20040000                __ram_end = (ORIGIN (ram) + LENGTH (ram))

.config_00804000
 *(.config_00804000)

.config_00804008
 *(.config_00804008)

.config_00804004
 *(.config_00804004)

.vectors        0x00000000      0x260
                0x00000000                . = ALIGN (0x4)
                0x00000000                _sfixed = .
 *(.vectors .vectors.* .vectors_default .vectors_default.*)
 .vectors.exception_table
                0x00000000      0x260 build/default/production/_ext/1171490990/interrupts.o
                0x00000000                exception_table
 *(.isr_vector)
 *(.reset*)
 *(.after_vectors)

.text           0x00000260       0x20
                0x00000260                . = ALIGN (0x4)
 *(.glue_7t)
 .glue_7t       0x00000260        0x0 linker stubs
 *(.glue_7)
 .glue_7        0x00000260        0x0 linker stubs
 *(.gnu.linkonce.r.*)
 *(.ARM.extab* .gnu.linkonce.armextab.*)
                0x00000260                . = ALIGN (0x4)
 *(.init)
 .init          0x00000260        0x4 c:/program files/microchip/xc32/v4.10/bin/bin/../../lib/gcc/pic32c/8.3.1/thumb/v7e-m+fp/hard/crti.o
                0x00000260                _init
 .init          0x00000264        0x8 c:/program files/microchip/xc32/v4.10/bin/bin/../../lib/gcc/pic32c/8.3.1/thumb/v7e-m+fp/hard/crtn.o
                0x0000026c                . = ALIGN (0x4)
                0x0000026c                __preinit_array_start = .
 *(.preinit_array)
                0x0000026c                __preinit_array_end = .
                0x0000026c                . = ALIGN (0x4)
                0x0000026c                __init_array_start = .
 *(SORT_BY_NAME(.init_array.*))
 *(.init_array)
 .init_array    0x0000026c        0x4 c:/program files/microchip/xc32/v4.10/bin/bin/../../lib/gcc/pic32c/8.3.1/thumb/v7e-m+fp/hard/crtbegin.o
                0x00000270                __init_array_end = .
                0x00000270                . = ALIGN (0x4)
 *crtbegin.o(.ctors)
 *(EXCLUDE_FILE(*crtend.o) .ctors)
 *(SORT_BY_NAME(.ctors.*))
 *crtend.o(.ctors)
                0x00000270                . = ALIGN (0x4)
 *(.fini)
 .fini          0x00000270        0x4 c:/program files/microchip/xc32/v4.10/bin/bin/../../lib/gcc/pic32c/8.3.1/thumb/v7e-m+fp/hard/crti.o
                0x00000270                _fini
 .fini          0x00000274        0x8 c:/program files/microchip/xc32/v4.10/bin/bin/../../lib/gcc/pic32c/8.3.1/thumb/v7e-m+fp/hard/crtn.o
                0x0000027c                . = ALIGN (0x4)
                0x0000027c                __fini_array_start = .
 *(.fini_array)
 .fini_array    0x0000027c        0x4 c:/program files/microchip/xc32/v4.10/bin/bin/../../lib/gcc/pic32c/8.3.1/thumb/v7e-m+fp/hard/crtbegin.o
 *(SORT_BY_NAME(.fini_array.*))
                0x00000280                __fini_array_end = .
 *crtbegin.o(.dtors)
 *(EXCLUDE_FILE(*crtend.o) .dtors)
 *(SORT_BY_NAME(.dtors.*))
 *crtend.o(.dtors)
                0x00000280                . = ALIGN (0x4)
                0x00000280                _efixed = .
                [!provide]                PROVIDE (__exidx_start = .)

.ARM.exidx      0x00000280        0x8
 *(.ARM.exidx* .gnu.linkonce.armexidx.*)
 .ARM.exidx     0x00000280        0x8 c:/program files/microchip/xc32/v4.10/bin/bin/../../lib/gcc/pic32c/8.3.1/thumb/v7e-m+fp/hard\libgcc.a(_udivmoddi4.o)
                [!provide]                PROVIDE (__exidx_end = .)
                0x00000288                . = ALIGN (0x4)
                0x00000288                _etext = .

.bss            0x20000000        0x0
                0x20000000                . = ALIGN (0x4)
                0x20000000                __bss_start__ = .
                0x20000000                _sbss = .
                0x20000000                _szero = .
 *(COMMON)
                0x20000000                . = ALIGN (0x4)
                0x20000000                __bss_end__ = .
                0x20000000                _ebss = .
                0x20000000                _ezero = .
                0x20000000                . = ALIGN (0x4)
                0x20000000                _end = .
                0x2003ffff                _ram_end_ = ((ORIGIN (ram) + LENGTH (ram)) - 0x1)

.bkupram_bss
 *(.bkupram_bss .bkupram_bss.*)
 *(.pbss .pbss.*)
                0x00000200                _min_heap_size = 0x200
START GROUP
LOAD c:/program files/microchip/xc32/v4.10/bin/bin/../../lib/gcc/pic32c/8.3.1/../../../../pic32c/lib/thumb/v7e-m+fp/hard\libpic32c.a
LOAD c:/program files/microchip/xc32/v4.10/bin/bin/../../lib/gcc/pic32c/8.3.1/../../../../pic32c/lib/thumb/v7e-m+fp/hard\libm-emfloat.a
LOAD c:/program files/microchip/xc32/v4.10/bin/bin/../../lib/gcc/pic32c/8.3.1/../../../../pic32c/lib/thumb/v7e-m+fp/hard\libc-musl.a
LOAD c:/program files/microchip/xc32/v4.10/bin/bin/../../lib/gcc/pic32c/8.3.1/../../../../pic32c/lib/thumb/v7e-m+fp/hard\libm-emfloat.a
LOAD c:/program files/microchip/xc32/v4.10/bin/bin/../../lib/gcc/pic32c/8.3.1/thumb/v7e-m+fp/hard\libgcc.a
END GROUP
LOAD c:/program files/microchip/xc32/v4.10/bin/bin/../../lib/gcc/pic32c/8.3.1/thumb/v7e-m+fp/hard/crtend.o
LOAD c:/program files/microchip/xc32/v4.10/bin/bin/../../lib/gcc/pic32c/8.3.1/thumb/v7e-m+fp/hard/crtn.o
OUTPUT(dist/default/production/Artemis_PDU.X.production.elf elf32-littlearm)
LOAD stack
LOAD data_init

.ARM.attributes
                0x00000000       0x34
 .ARM.attributes
                0x00000000       0x1e c:/program files/microchip/xc32/v4.10/bin/bin/../../lib/gcc/pic32c/8.3.1/thumb/v7e-m+fp/hard/crti.o
 .ARM.attributes
                0x0000001e       0x34 c:/program files/microchip/xc32/v4.10/bin/bin/../../lib/gcc/pic32c/8.3.1/thumb/v7e-m+fp/hard/crtbegin.o
 .ARM.attributes
                0x00000052       0x34 build/default/production/_ext/1100529066/drv_sdspi.o
 .ARM.attributes
                0x00000086       0x34 build/default/production/_ext/1100529066/drv_sdspi_driver_interface.o
 .ARM.attributes
                0x000000ba       0x34 build/default/production/_ext/1100529066/drv_sdspi_file_system.o
 .ARM.attributes
                0x000000ee       0x34 build/default/production/_ext/2070931557/drv_spi.o
 .ARM.attributes
                0x00000122       0x34 build/default/production/_ext/1529399856/osal_freertos.o
 .ARM.attributes
                0x00000156       0x34 build/default/production/_ext/1984496892/plib_clock.o
 .ARM.attributes
                0x0000018a       0x34 build/default/production/_ext/1986646378/plib_evsys.o
 .ARM.attributes
                0x000001be       0x34 build/default/production/_ext/1865468468/plib_nvic.o
 .ARM.attributes
                0x000001f2       0x34 build/default/production/_ext/1593096446/plib_nvmctrl.o
 .ARM.attributes
                0x00000226       0x34 build/default/production/_ext/1865521619/plib_port.o
 .ARM.attributes
                0x0000025a       0x34 build/default/production/_ext/60180175/plib_rtc_timer.o
 .ARM.attributes
                0x0000028e       0x34 build/default/production/_ext/714983638/plib_sercom4_i2c_slave.o
 .ARM.attributes
                0x000002c2       0x34 build/default/production/_ext/17022449/plib_sercom2_spi_master.o
 .ARM.attributes
                0x000002f6       0x34 build/default/production/_ext/504274921/plib_sercom3_usart.o
 .ARM.attributes
                0x0000032a       0x34 build/default/production/_ext/163028504/xc32_monitor.o
 .ARM.attributes
                0x0000035e       0x34 build/default/production/_ext/411819097/ff.o
 .ARM.attributes
                0x00000392       0x34 build/default/production/_ext/411819097/ffunicode.o
 .ARM.attributes
                0x000003c6       0x34 build/default/production/_ext/565198302/diskio.o
 .ARM.attributes
                0x000003fa       0x34 build/default/production/_ext/1269487135/sys_fs.o
 .ARM.attributes
                0x0000042e       0x34 build/default/production/_ext/1269487135/sys_fs_media_manager.o
 .ARM.attributes
                0x00000462       0x34 build/default/production/_ext/1269487135/sys_fs_fat_interface.o
 .ARM.attributes
                0x00000496       0x34 build/default/production/_ext/1881668453/sys_int.o
 .ARM.attributes
                0x000004ca       0x34 build/default/production/_ext/101884895/sys_time.o
 .ARM.attributes
                0x000004fe       0x34 build/default/production/_ext/1171490990/initialization.o
 .ARM.attributes
                0x00000532       0x34 build/default/production/_ext/1171490990/interrupts.o
 .ARM.attributes
                0x00000566       0x34 build/default/production/_ext/1171490990/exceptions.o
 .ARM.attributes
                0x0000059a       0x34 build/default/production/_ext/1171490990/startup_xc32.o
 .ARM.attributes
                0x000005ce       0x34 build/default/production/_ext/1171490990/freertos_hooks.o
 .ARM.attributes
                0x00000602       0x34 build/default/production/_ext/1171490990/tasks.o
 .ARM.attributes
                0x00000636       0x34 build/default/production/_ext/246609638/port.o
 .ARM.attributes
                0x0000066a       0x34 build/default/production/_ext/1665200909/heap_1.o
 .ARM.attributes
                0x0000069e       0x34 build/default/production/_ext/404212886/list.o
 .ARM.attributes
                0x000006d2       0x34 build/default/production/_ext/404212886/queue.o
 .ARM.attributes
                0x00000706       0x34 build/default/production/_ext/404212886/FreeRTOS_tasks.o
 .ARM.attributes
                0x0000073a       0x34 build/default/production/_ext/1360937237/main.o
 .ARM.attributes
                0x0000076e       0x34 build/default/production/_ext/1360937237/app.o
 .ARM.attributes
                0x000007a2       0x34 build/default/production/_ext/1360937237/pdu_packet.o
 .ARM.attributes
                0x000007d6       0x34 c:/program files/microchip/xc32/v4.10/bin/bin/../../lib/gcc/pic32c/8.3.1/../../../../pic32c/lib/thumb/v7e-m+fp/hard\libpic32c.a(data_init.o)
 .ARM.attributes
                0x0000080a       0x36 c:/program files/microchip/xc32/v4.10/bin/bin/../../lib/gcc/pic32c/8.3.1/../../../../pic32c/lib/thumb/v7e-m+fp/hard\libc-musl.a(__libc_start_main.o)
 .ARM.attributes
                0x00000840       0x34 c:/program files/microchip/xc32/v4.10/bin/bin/../../lib/gcc/pic32c/8.3.1/../../../../pic32c/lib/thumb/v7e-m+fp/hard\libc-musl.a(libc.o)
 .ARM.attributes
                0x00000874       0x36 c:/program files/microchip/xc32/v4.10/bin/bin/../../lib/gcc/pic32c/8.3.1/../../../../pic32c/lib/thumb/v7e-m+fp/hard\libc-musl.a(malloc.o)
 .ARM.attributes
                0x000008aa       0x36 c:/program files/microchip/xc32/v4.10/bin/bin/../../lib/gcc/pic32c/8.3.1/../../../../pic32c/lib/thumb/v7e-m+fp/hard\libc-musl.a(expand_heap.o)
 .ARM.attributes
                0x000008e0       0x36 c:/program files/microchip/xc32/v4.10/bin/bin/../../lib/gcc/pic32c/8.3.1/../../../../pic32c/lib/thumb/v7e-m+fp/hard\libc-musl.a(stdin.o)
 .ARM.attributes
                0x00000916       0x36 c:/program files/microchip/xc32/v4.10/bin/bin/../../lib/gcc/pic32c/8.3.1/../../../../pic32c/lib/thumb/v7e-m+fp/hard\libc-musl.a(stdout.o)
 .ARM.attributes
                0x0000094c       0x36 c:/program files/microchip/xc32/v4.10/bin/bin/../../lib/gcc/pic32c/8.3.1/../../../../pic32c/lib/thumb/v7e-m+fp/hard\libc-musl.a(setbuf.o)
 .ARM.attributes
                0x00000982       0x36 c:/program files/microchip/xc32/v4.10/bin/bin/../../lib/gcc/pic32c/8.3.1/../../../../pic32c/lib/thumb/v7e-m+fp/hard\libc-musl.a(memcmp.o)
 .ARM.attributes
                0x000009b8       0x36 c:/program files/microchip/xc32/v4.10/bin/bin/../../lib/gcc/pic32c/8.3.1/../../../../pic32c/lib/thumb/v7e-m+fp/hard\libc-musl.a(memcpy.o)
 .ARM.attributes
                0x000009ee       0x36 c:/program files/microchip/xc32/v4.10/bin/bin/../../lib/gcc/pic32c/8.3.1/../../../../pic32c/lib/thumb/v7e-m+fp/hard\libc-musl.a(memset.o)
 .ARM.attributes
                0x00000a24       0x36 c:/program files/microchip/xc32/v4.10/bin/bin/../../lib/gcc/pic32c/8.3.1/../../../../pic32c/lib/thumb/v7e-m+fp/hard\libc-musl.a(strlen.o)
 .ARM.attributes
                0x00000a5a       0x36 c:/program files/microchip/xc32/v4.10/bin/bin/../../lib/gcc/pic32c/8.3.1/../../../../pic32c/lib/thumb/v7e-m+fp/hard\libc-musl.a(strchr.o)
 .ARM.attributes
                0x00000a90       0x36 c:/program files/microchip/xc32/v4.10/bin/bin/../../lib/gcc/pic32c/8.3.1/../../../../pic32c/lib/thumb/v7e-m+fp/hard\libc-musl.a(strchrnul.o)
 .ARM.attributes
                0x00000ac6       0x34 c:/program files/microchip/xc32/v4.10/bin/bin/../../lib/gcc/pic32c/8.3.1/../../../../pic32c/lib/thumb/v7e-m+fp/hard\libc-musl.a(__environ.o)
 .ARM.attributes
                0x00000afa       0x34 c:/program files/microchip/xc32/v4.10/bin/bin/../../lib/gcc/pic32c/8.3.1/../../../../pic32c/lib/thumb/v7e-m+fp/hard\libc-musl.a(__errno_location.o)
 .ARM.attributes
                0x00000b2e       0x36 c:/program files/microchip/xc32/v4.10/bin/bin/../../lib/gcc/pic32c/8.3.1/../../../../pic32c/lib/thumb/v7e-m+fp/hard\libc-musl.a(__stdio_read.o)
 .ARM.attributes
                0x00000b64       0x36 c:/program files/microchip/xc32/v4.10/bin/bin/../../lib/gcc/pic32c/8.3.1/../../../../pic32c/lib/thumb/v7e-m+fp/hard\libc-musl.a(__towrite_rw.o)
 .ARM.attributes
                0x00000b9a       0x36 c:/program files/microchip/xc32/v4.10/bin/bin/../../lib/gcc/pic32c/8.3.1/../../../../pic32c/lib/thumb/v7e-m+fp/hard\libc-musl.a(setvbuf.o)
 .ARM.attributes
                0x00000bd0       0x36 c:/program files/microchip/xc32/v4.10/bin/bin/../../lib/gcc/pic32c/8.3.1/../../../../pic32c/lib/thumb/v7e-m+fp/hard\libc-musl.a(readv.o)
 .ARM.attributes
                0x00000c06       0x36 c:/program files/microchip/xc32/v4.10/bin/bin/../../lib/gcc/pic32c/8.3.1/../../../../pic32c/lib/thumb/v7e-m+fp/hard\libc-musl.a(__init_stdio.o)
 .ARM.attributes
                0x00000c3c       0x36 c:/program files/microchip/xc32/v4.10/bin/bin/../../lib/gcc/pic32c/8.3.1/../../../../pic32c/lib/thumb/v7e-m+fp/hard\libc-musl.a(__out.o)
 .ARM.attributes
                0x00000c72       0x36 c:/program files/microchip/xc32/v4.10/bin/bin/../../lib/gcc/pic32c/8.3.1/../../../../pic32c/lib/thumb/v7e-m+fp/hard\libc-musl.a(__stderr.o)
 .ARM.attributes
                0x00000ca8       0x36 c:/program files/microchip/xc32/v4.10/bin/bin/../../lib/gcc/pic32c/8.3.1/../../../../pic32c/lib/thumb/v7e-m+fp/hard\libc-musl.a(__stdio_close.o)
 .ARM.attributes
                0x00000cde       0x36 c:/program files/microchip/xc32/v4.10/bin/bin/../../lib/gcc/pic32c/8.3.1/../../../../pic32c/lib/thumb/v7e-m+fp/hard\libc-musl.a(__stdio_write.o)
 .ARM.attributes
                0x00000d14       0x36 c:/program files/microchip/xc32/v4.10/bin/bin/../../lib/gcc/pic32c/8.3.1/../../../../pic32c/lib/thumb/v7e-m+fp/hard\libc-musl.a(__stdout.o)
 .ARM.attributes
                0x00000d4a       0x36 c:/program files/microchip/xc32/v4.10/bin/bin/../../lib/gcc/pic32c/8.3.1/../../../../pic32c/lib/thumb/v7e-m+fp/hard\libc-musl.a(__towrite.o)
 .ARM.attributes
                0x00000d80       0x36 c:/program files/microchip/xc32/v4.10/bin/bin/../../lib/gcc/pic32c/8.3.1/../../../../pic32c/lib/thumb/v7e-m+fp/hard\libc-musl.a(writev.o)
 .ARM.attributes
                0x00000db6       0x1e c:/program files/microchip/xc32/v4.10/bin/bin/../../lib/gcc/pic32c/8.3.1/thumb/v7e-m+fp/hard\libgcc.a(_aeabi_uldivmod.o)
 .ARM.attributes
                0x00000dd4       0x34 c:/program files/microchip/xc32/v4.10/bin/bin/../../lib/gcc/pic32c/8.3.1/thumb/v7e-m+fp/hard\libgcc.a(_udivmoddi4.o)
 .ARM.attributes
                0x00000e08       0x1e c:/program files/microchip/xc32/v4.10/bin/bin/../../lib/gcc/pic32c/8.3.1/thumb/v7e-m+fp/hard\libgcc.a(_dvmd_tls.o)
 .ARM.attributes
                0x00000e26       0x34 c:/program files/microchip/xc32/v4.10/bin/bin/../../lib/gcc/pic32c/8.3.1/../../../../pic32c/lib/thumb/v7e-m+fp/hard\libpic32c.a(close.o)
 .ARM.attributes
                0x00000e5a       0x34 c:/program files/microchip/xc32/v4.10/bin/bin/../../lib/gcc/pic32c/8.3.1/../../../../pic32c/lib/thumb/v7e-m+fp/hard\libpic32c.a(lseek.o)
 .ARM.attributes
                0x00000e8e       0x34 c:/program files/microchip/xc32/v4.10/bin/bin/../../lib/gcc/pic32c/8.3.1/../../../../pic32c/lib/thumb/v7e-m+fp/hard\libpic32c.a(sbrk.o)
 .ARM.attributes
                0x00000ec2       0x1e c:/program files/microchip/xc32/v4.10/bin/bin/../../lib/gcc/pic32c/8.3.1/thumb/v7e-m+fp/hard/crtn.o

.comment        0x00000000       0x2b
 .comment       0x00000000       0x2b c:/program files/microchip/xc32/v4.10/bin/bin/../../lib/gcc/pic32c/8.3.1/thumb/v7e-m+fp/hard/crtbegin.o
                                 0x2c (size before relaxing)
 .comment       0x0000002b       0x2c build/default/production/_ext/1100529066/drv_sdspi.o
 .comment       0x0000002b       0x2c build/default/production/_ext/1100529066/drv_sdspi_driver_interface.o
 .comment       0x0000002b       0x2c build/default/production/_ext/1100529066/drv_sdspi_file_system.o
 .comment       0x0000002b       0x2c build/default/production/_ext/2070931557/drv_spi.o
 .comment       0x0000002b       0x2c build/default/production/_ext/1529399856/osal_freertos.o
 .comment       0x0000002b       0x2c build/default/production/_ext/1984496892/plib_clock.o
 .comment       0x0000002b       0x2c build/default/production/_ext/1986646378/plib_evsys.o
 .comment       0x0000002b       0x2c build/default/production/_ext/1865468468/plib_nvic.o
 .comment       0x0000002b       0x2c build/default/production/_ext/1593096446/plib_nvmctrl.o
 .comment       0x0000002b       0x2c build/default/production/_ext/1865521619/plib_port.o
 .comment       0x0000002b       0x2c build/default/production/_ext/60180175/plib_rtc_timer.o
 .comment       0x0000002b       0x2c build/default/production/_ext/714983638/plib_sercom4_i2c_slave.o
 .comment       0x0000002b       0x2c build/default/production/_ext/17022449/plib_sercom2_spi_master.o
 .comment       0x0000002b       0x2c build/default/production/_ext/504274921/plib_sercom3_usart.o
 .comment       0x0000002b       0x2c build/default/production/_ext/163028504/xc32_monitor.o
 .comment       0x0000002b       0x2c build/default/production/_ext/411819097/ff.o
 .comment       0x0000002b       0x2c build/default/production/_ext/411819097/ffunicode.o
 .comment       0x0000002b       0x2c build/default/production/_ext/565198302/diskio.o
 .comment       0x0000002b       0x2c build/default/production/_ext/1269487135/sys_fs.o
 .comment       0x0000002b       0x2c build/default/production/_ext/1269487135/sys_fs_media_manager.o
 .comment       0x0000002b       0x2c build/default/production/_ext/1269487135/sys_fs_fat_interface.o
 .comment       0x0000002b       0x2c build/default/production/_ext/1881668453/sys_int.o
 .comment       0x0000002b       0x2c build/default/production/_ext/101884895/sys_time.o
 .comment       0x0000002b       0x2c build/default/production/_ext/1171490990/initialization.o
 .comment       0x0000002b       0x2c build/default/production/_ext/1171490990/interrupts.o
 .comment       0x0000002b       0x2c build/default/production/_ext/1171490990/exceptions.o
 .comment       0x0000002b       0x2c build/default/production/_ext/1171490990/startup_xc32.o
 .comment       0x0000002b       0x2c build/default/production/_ext/1171490990/freertos_hooks.o
 .comment       0x0000002b       0x2c build/default/production/_ext/1171490990/tasks.o
 .comment       0x0000002b       0x2c build/default/production/_ext/246609638/port.o
 .comment       0x0000002b       0x2c build/default/production/_ext/1665200909/heap_1.o
 .comment       0x0000002b       0x2c build/default/production/_ext/404212886/list.o
 .comment       0x0000002b       0x2c build/default/production/_ext/404212886/queue.o
 .comment       0x0000002b       0x2c build/default/production/_ext/404212886/FreeRTOS_tasks.o
 .comment       0x0000002b       0x2c build/default/production/_ext/1360937237/main.o
 .comment       0x0000002b       0x2c build/default/production/_ext/1360937237/app.o
 .comment       0x0000002b       0x2c build/default/production/_ext/1360937237/pdu_packet.o
 .comment       0x0000002b       0x2c c:/program files/microchip/xc32/v4.10/bin/bin/../../lib/gcc/pic32c/8.3.1/../../../../pic32c/lib/thumb/v7e-m+fp/hard\libpic32c.a(data_init.o)
 .comment       0x0000002b       0x2c c:/program files/microchip/xc32/v4.10/bin/bin/../../lib/gcc/pic32c/8.3.1/../../../../pic32c/lib/thumb/v7e-m+fp/hard\libc-musl.a(__libc_start_main.o)
 .comment       0x0000002b       0x2c c:/program files/microchip/xc32/v4.10/bin/bin/../../lib/gcc/pic32c/8.3.1/../../../../pic32c/lib/thumb/v7e-m+fp/hard\libc-musl.a(libc.o)
 .comment       0x0000002b       0x2c c:/program files/microchip/xc32/v4.10/bin/bin/../../lib/gcc/pic32c/8.3.1/../../../../pic32c/lib/thumb/v7e-m+fp/hard\libc-musl.a(malloc.o)
 .comment       0x0000002b       0x2c c:/program files/microchip/xc32/v4.10/bin/bin/../../lib/gcc/pic32c/8.3.1/../../../../pic32c/lib/thumb/v7e-m+fp/hard\libc-musl.a(expand_heap.o)
 .comment       0x0000002b       0x2c c:/program files/microchip/xc32/v4.10/bin/bin/../../lib/gcc/pic32c/8.3.1/../../../../pic32c/lib/thumb/v7e-m+fp/hard\libc-musl.a(stdin.o)
 .comment       0x0000002b       0x2c c:/program files/microchip/xc32/v4.10/bin/bin/../../lib/gcc/pic32c/8.3.1/../../../../pic32c/lib/thumb/v7e-m+fp/hard\libc-musl.a(stdout.o)
 .comment       0x0000002b       0x2c c:/program files/microchip/xc32/v4.10/bin/bin/../../lib/gcc/pic32c/8.3.1/../../../../pic32c/lib/thumb/v7e-m+fp/hard\libc-musl.a(setbuf.o)
 .comment       0x0000002b       0x2c c:/program files/microchip/xc32/v4.10/bin/bin/../../lib/gcc/pic32c/8.3.1/../../../../pic32c/lib/thumb/v7e-m+fp/hard\libc-musl.a(memcmp.o)
 .comment       0x0000002b       0x2c c:/program files/microchip/xc32/v4.10/bin/bin/../../lib/gcc/pic32c/8.3.1/../../../../pic32c/lib/thumb/v7e-m+fp/hard\libc-musl.a(memcpy.o)
 .comment       0x0000002b       0x2c c:/program files/microchip/xc32/v4.10/bin/bin/../../lib/gcc/pic32c/8.3.1/../../../../pic32c/lib/thumb/v7e-m+fp/hard\libc-musl.a(memset.o)
 .comment       0x0000002b       0x2c c:/program files/microchip/xc32/v4.10/bin/bin/../../lib/gcc/pic32c/8.3.1/../../../../pic32c/lib/thumb/v7e-m+fp/hard\libc-musl.a(strlen.o)
 .comment       0x0000002b       0x2c c:/program files/microchip/xc32/v4.10/bin/bin/../../lib/gcc/pic32c/8.3.1/../../../../pic32c/lib/thumb/v7e-m+fp/hard\libc-musl.a(strchr.o)
 .comment       0x0000002b       0x2c c:/program files/microchip/xc32/v4.10/bin/bin/../../lib/gcc/pic32c/8.3.1/../../../../pic32c/lib/thumb/v7e-m+fp/hard\libc-musl.a(strchrnul.o)
 .comment       0x0000002b       0x2c c:/program files/microchip/xc32/v4.10/bin/bin/../../lib/gcc/pic32c/8.3.1/../../../../pic32c/lib/thumb/v7e-m+fp/hard\libc-musl.a(__environ.o)
 .comment       0x0000002b       0x2c c:/program files/microchip/xc32/v4.10/bin/bin/../../lib/gcc/pic32c/8.3.1/../../../../pic32c/lib/thumb/v7e-m+fp/hard\libc-musl.a(__errno_location.o)
 .comment       0x0000002b       0x2c c:/program files/microchip/xc32/v4.10/bin/bin/../../lib/gcc/pic32c/8.3.1/../../../../pic32c/lib/thumb/v7e-m+fp/hard\libc-musl.a(__stdio_read.o)
 .comment       0x0000002b       0x2c c:/program files/microchip/xc32/v4.10/bin/bin/../../lib/gcc/pic32c/8.3.1/../../../../pic32c/lib/thumb/v7e-m+fp/hard\libc-musl.a(__towrite_rw.o)
 .comment       0x0000002b       0x2c c:/program files/microchip/xc32/v4.10/bin/bin/../../lib/gcc/pic32c/8.3.1/../../../../pic32c/lib/thumb/v7e-m+fp/hard\libc-musl.a(setvbuf.o)
 .comment       0x0000002b       0x2c c:/program files/microchip/xc32/v4.10/bin/bin/../../lib/gcc/pic32c/8.3.1/../../../../pic32c/lib/thumb/v7e-m+fp/hard\libc-musl.a(readv.o)
 .comment       0x0000002b       0x2c c:/program files/microchip/xc32/v4.10/bin/bin/../../lib/gcc/pic32c/8.3.1/../../../../pic32c/lib/thumb/v7e-m+fp/hard\libc-musl.a(__init_stdio.o)
 .comment       0x0000002b       0x2c c:/program files/microchip/xc32/v4.10/bin/bin/../../lib/gcc/pic32c/8.3.1/../../../../pic32c/lib/thumb/v7e-m+fp/hard\libc-musl.a(__out.o)
 .comment       0x0000002b       0x2c c:/program files/microchip/xc32/v4.10/bin/bin/../../lib/gcc/pic32c/8.3.1/../../../../pic32c/lib/thumb/v7e-m+fp/hard\libc-musl.a(__stderr.o)
 .comment       0x0000002b       0x2c c:/program files/microchip/xc32/v4.10/bin/bin/../../lib/gcc/pic32c/8.3.1/../../../../pic32c/lib/thumb/v7e-m+fp/hard\libc-musl.a(__stdio_close.o)
 .comment       0x0000002b       0x2c c:/program files/microchip/xc32/v4.10/bin/bin/../../lib/gcc/pic32c/8.3.1/../../../../pic32c/lib/thumb/v7e-m+fp/hard\libc-musl.a(__stdio_write.o)
 .comment       0x0000002b       0x2c c:/program files/microchip/xc32/v4.10/bin/bin/../../lib/gcc/pic32c/8.3.1/../../../../pic32c/lib/thumb/v7e-m+fp/hard\libc-musl.a(__stdout.o)
 .comment       0x0000002b       0x2c c:/program files/microchip/xc32/v4.10/bin/bin/../../lib/gcc/pic32c/8.3.1/../../../../pic32c/lib/thumb/v7e-m+fp/hard\libc-musl.a(__towrite.o)
 .comment       0x0000002b       0x2c c:/program files/microchip/xc32/v4.10/bin/bin/../../lib/gcc/pic32c/8.3.1/../../../../pic32c/lib/thumb/v7e-m+fp/hard\libc-musl.a(writev.o)
 .comment       0x0000002b       0x2c c:/program files/microchip/xc32/v4.10/bin/bin/../../lib/gcc/pic32c/8.3.1/thumb/v7e-m+fp/hard\libgcc.a(_udivmoddi4.o)
 .comment       0x0000002b       0x2c c:/program files/microchip/xc32/v4.10/bin/bin/../../lib/gcc/pic32c/8.3.1/../../../../pic32c/lib/thumb/v7e-m+fp/hard\libpic32c.a(close.o)
 .comment       0x0000002b       0x2c c:/program files/microchip/xc32/v4.10/bin/bin/../../lib/gcc/pic32c/8.3.1/../../../../pic32c/lib/thumb/v7e-m+fp/hard\libpic32c.a(lseek.o)
 .comment       0x0000002b       0x2c c:/program files/microchip/xc32/v4.10/bin/bin/../../lib/gcc/pic32c/8.3.1/../../../../pic32c/lib/thumb/v7e-m+fp/hard\libpic32c.a(sbrk.o)

.debug_info     0x00000000    0x420e3
 .debug_info    0x00000000     0x4da3 build/default/production/_ext/1100529066/drv_sdspi.o
 .debug_info    0x00004da3     0x23cd build/default/production/_ext/1100529066/drv_sdspi_driver_interface.o
 .debug_info    0x00007170      0xc41 build/default/production/_ext/1100529066/drv_sdspi_file_system.o
 .debug_info    0x00007db1     0x285c build/default/production/_ext/2070931557/drv_spi.o
 .debug_info    0x0000a60d      0xb9d build/default/production/_ext/1529399856/osal_freertos.o
 .debug_info    0x0000b1aa      0xb5d build/default/production/_ext/1984496892/plib_clock.o
 .debug_info    0x0000bd07      0x319 build/default/production/_ext/1986646378/plib_evsys.o
 .debug_info    0x0000c020     0x16dc build/default/production/_ext/1865468468/plib_nvic.o
 .debug_info    0x0000d6fc      0xe58 build/default/production/_ext/1593096446/plib_nvmctrl.o
 .debug_info    0x0000e554      0xfab build/default/production/_ext/1865521619/plib_port.o
 .debug_info    0x0000f4ff      0xfd0 build/default/production/_ext/60180175/plib_rtc_timer.o
 .debug_info    0x000104cf     0x1410 build/default/production/_ext/714983638/plib_sercom4_i2c_slave.o
 .debug_info    0x000118df     0x14a3 build/default/production/_ext/17022449/plib_sercom2_spi_master.o
 .debug_info    0x00012d82     0x1536 build/default/production/_ext/504274921/plib_sercom3_usart.o
 .debug_info    0x000142b8      0x458 build/default/production/_ext/163028504/xc32_monitor.o
 .debug_info    0x00014710     0x66ff build/default/production/_ext/411819097/ff.o
 .debug_info    0x0001ae0f      0x553 build/default/production/_ext/411819097/ffunicode.o
 .debug_info    0x0001b362      0xf22 build/default/production/_ext/565198302/diskio.o
 .debug_info    0x0001c284     0x423a build/default/production/_ext/1269487135/sys_fs.o
 .debug_info    0x000204be     0x24b5 build/default/production/_ext/1269487135/sys_fs_media_manager.o
 .debug_info    0x00022973     0x2484 build/default/production/_ext/1269487135/sys_fs_fat_interface.o
 .debug_info    0x00024df7     0x1192 build/default/production/_ext/1881668453/sys_int.o
 .debug_info    0x00025f89     0x2c17 build/default/production/_ext/101884895/sys_time.o
 .debug_info    0x00028ba0     0x3261 build/default/production/_ext/1171490990/initialization.o
 .debug_info    0x0002be01     0x1899 build/default/production/_ext/1171490990/interrupts.o
 .debug_info    0x0002d69a      0x3db build/default/production/_ext/1171490990/exceptions.o
 .debug_info    0x0002da75      0x894 build/default/production/_ext/1171490990/startup_xc32.o
 .debug_info    0x0002e309      0x52b build/default/production/_ext/1171490990/freertos_hooks.o
 .debug_info    0x0002e834      0x812 build/default/production/_ext/1171490990/tasks.o
 .debug_info    0x0002f046      0x786 build/default/production/_ext/246609638/port.o
 .debug_info    0x0002f7cc      0x506 build/default/production/_ext/1665200909/heap_1.o
 .debug_info    0x0002fcd2      0x633 build/default/production/_ext/404212886/list.o
 .debug_info    0x00030305     0x2145 build/default/production/_ext/404212886/queue.o
 .debug_info    0x0003244a     0x2e6d build/default/production/_ext/404212886/FreeRTOS_tasks.o
 .debug_info    0x000352b7      0x332 build/default/production/_ext/1360937237/main.o
 .debug_info    0x000355e9     0x153d build/default/production/_ext/1360937237/app.o
 .debug_info    0x00036b26     0x1a6a build/default/production/_ext/1360937237/pdu_packet.o
 .debug_info    0x00038590      0x2ae c:/program files/microchip/xc32/v4.10/bin/bin/../../lib/gcc/pic32c/8.3.1/../../../../pic32c/lib/thumb/v7e-m+fp/hard\libpic32c.a(data_init.o)
 .debug_info    0x0003883e      0x627 c:/program files/microchip/xc32/v4.10/bin/bin/../../lib/gcc/pic32c/8.3.1/../../../../pic32c/lib/thumb/v7e-m+fp/hard\libc-musl.a(__libc_start_main.o)
 .debug_info    0x00038e65      0x539 c:/program files/microchip/xc32/v4.10/bin/bin/../../lib/gcc/pic32c/8.3.1/../../../../pic32c/lib/thumb/v7e-m+fp/hard\libc-musl.a(libc.o)
 .debug_info    0x0003939e     0x13a9 c:/program files/microchip/xc32/v4.10/bin/bin/../../lib/gcc/pic32c/8.3.1/../../../../pic32c/lib/thumb/v7e-m+fp/hard\libc-musl.a(malloc.o)
 .debug_info    0x0003a747      0x380 c:/program files/microchip/xc32/v4.10/bin/bin/../../lib/gcc/pic32c/8.3.1/../../../../pic32c/lib/thumb/v7e-m+fp/hard\libc-musl.a(expand_heap.o)
 .debug_info    0x0003aac7      0x6cb c:/program files/microchip/xc32/v4.10/bin/bin/../../lib/gcc/pic32c/8.3.1/../../../../pic32c/lib/thumb/v7e-m+fp/hard\libc-musl.a(stdin.o)
 .debug_info    0x0003b192      0x487 c:/program files/microchip/xc32/v4.10/bin/bin/../../lib/gcc/pic32c/8.3.1/../../../../pic32c/lib/thumb/v7e-m+fp/hard\libc-musl.a(stdout.o)
 .debug_info    0x0003b619      0x2ec c:/program files/microchip/xc32/v4.10/bin/bin/../../lib/gcc/pic32c/8.3.1/../../../../pic32c/lib/thumb/v7e-m+fp/hard\libc-musl.a(setbuf.o)
 .debug_info    0x0003b905      0x2e6 c:/program files/microchip/xc32/v4.10/bin/bin/../../lib/gcc/pic32c/8.3.1/../../../../pic32c/lib/thumb/v7e-m+fp/hard\libc-musl.a(memcmp.o)
 .debug_info    0x0003bbeb      0x2fb c:/program files/microchip/xc32/v4.10/bin/bin/../../lib/gcc/pic32c/8.3.1/../../../../pic32c/lib/thumb/v7e-m+fp/hard\libc-musl.a(memcpy.o)
 .debug_info    0x0003bee6      0x2b9 c:/program files/microchip/xc32/v4.10/bin/bin/../../lib/gcc/pic32c/8.3.1/../../../../pic32c/lib/thumb/v7e-m+fp/hard\libc-musl.a(memset.o)
 .debug_info    0x0003c19f      0x2aa c:/program files/microchip/xc32/v4.10/bin/bin/../../lib/gcc/pic32c/8.3.1/../../../../pic32c/lib/thumb/v7e-m+fp/hard\libc-musl.a(strlen.o)
 .debug_info    0x0003c449      0x2cc c:/program files/microchip/xc32/v4.10/bin/bin/../../lib/gcc/pic32c/8.3.1/../../../../pic32c/lib/thumb/v7e-m+fp/hard\libc-musl.a(strchr.o)
 .debug_info    0x0003c715      0x3ef c:/program files/microchip/xc32/v4.10/bin/bin/../../lib/gcc/pic32c/8.3.1/../../../../pic32c/lib/thumb/v7e-m+fp/hard\libc-musl.a(strchrnul.o)
 .debug_info    0x0003cb04      0x2b3 c:/program files/microchip/xc32/v4.10/bin/bin/../../lib/gcc/pic32c/8.3.1/../../../../pic32c/lib/thumb/v7e-m+fp/hard\libc-musl.a(__environ.o)
 .debug_info    0x0003cdb7      0x277 c:/program files/microchip/xc32/v4.10/bin/bin/../../lib/gcc/pic32c/8.3.1/../../../../pic32c/lib/thumb/v7e-m+fp/hard\libc-musl.a(__errno_location.o)
 .debug_info    0x0003d02e      0x6af c:/program files/microchip/xc32/v4.10/bin/bin/../../lib/gcc/pic32c/8.3.1/../../../../pic32c/lib/thumb/v7e-m+fp/hard\libc-musl.a(__stdio_read.o)
 .debug_info    0x0003d6dd      0x5de c:/program files/microchip/xc32/v4.10/bin/bin/../../lib/gcc/pic32c/8.3.1/../../../../pic32c/lib/thumb/v7e-m+fp/hard\libc-musl.a(__towrite_rw.o)
 .debug_info    0x0003dcbb      0x552 c:/program files/microchip/xc32/v4.10/bin/bin/../../lib/gcc/pic32c/8.3.1/../../../../pic32c/lib/thumb/v7e-m+fp/hard\libc-musl.a(setvbuf.o)
 .debug_info    0x0003e20d      0x36a c:/program files/microchip/xc32/v4.10/bin/bin/../../lib/gcc/pic32c/8.3.1/../../../../pic32c/lib/thumb/v7e-m+fp/hard\libc-musl.a(readv.o)
 .debug_info    0x0003e577      0x330 c:/program files/microchip/xc32/v4.10/bin/bin/../../lib/gcc/pic32c/8.3.1/../../../../pic32c/lib/thumb/v7e-m+fp/hard\libc-musl.a(__init_stdio.o)
 .debug_info    0x0003e8a7      0x53c c:/program files/microchip/xc32/v4.10/bin/bin/../../lib/gcc/pic32c/8.3.1/../../../../pic32c/lib/thumb/v7e-m+fp/hard\libc-musl.a(__out.o)
 .debug_info    0x0003ede3      0x66f c:/program files/microchip/xc32/v4.10/bin/bin/../../lib/gcc/pic32c/8.3.1/../../../../pic32c/lib/thumb/v7e-m+fp/hard\libc-musl.a(__stderr.o)
 .debug_info    0x0003f452      0x6ca c:/program files/microchip/xc32/v4.10/bin/bin/../../lib/gcc/pic32c/8.3.1/../../../../pic32c/lib/thumb/v7e-m+fp/hard\libc-musl.a(__stdio_close.o)
 .debug_info    0x0003fb1c      0x6fc c:/program files/microchip/xc32/v4.10/bin/bin/../../lib/gcc/pic32c/8.3.1/../../../../pic32c/lib/thumb/v7e-m+fp/hard\libc-musl.a(__stdio_write.o)
 .debug_info    0x00040218      0x66f c:/program files/microchip/xc32/v4.10/bin/bin/../../lib/gcc/pic32c/8.3.1/../../../../pic32c/lib/thumb/v7e-m+fp/hard\libc-musl.a(__stdout.o)
 .debug_info    0x00040887      0x4fa c:/program files/microchip/xc32/v4.10/bin/bin/../../lib/gcc/pic32c/8.3.1/../../../../pic32c/lib/thumb/v7e-m+fp/hard\libc-musl.a(__towrite.o)
 .debug_info    0x00040d81      0x36e c:/program files/microchip/xc32/v4.10/bin/bin/../../lib/gcc/pic32c/8.3.1/../../../../pic32c/lib/thumb/v7e-m+fp/hard\libc-musl.a(writev.o)
 .debug_info    0x000410ef       0x26 c:/program files/microchip/xc32/v4.10/bin/bin/../../lib/gcc/pic32c/8.3.1/thumb/v7e-m+fp/hard\libgcc.a(_aeabi_uldivmod.o)
 .debug_info    0x00041115      0x7f3 c:/program files/microchip/xc32/v4.10/bin/bin/../../lib/gcc/pic32c/8.3.1/thumb/v7e-m+fp/hard\libgcc.a(_udivmoddi4.o)
 .debug_info    0x00041908       0x26 c:/program files/microchip/xc32/v4.10/bin/bin/../../lib/gcc/pic32c/8.3.1/thumb/v7e-m+fp/hard\libgcc.a(_dvmd_tls.o)
 .debug_info    0x0004192e      0x292 c:/program files/microchip/xc32/v4.10/bin/bin/../../lib/gcc/pic32c/8.3.1/../../../../pic32c/lib/thumb/v7e-m+fp/hard\libpic32c.a(close.o)
 .debug_info    0x00041bc0      0x292 c:/program files/microchip/xc32/v4.10/bin/bin/../../lib/gcc/pic32c/8.3.1/../../../../pic32c/lib/thumb/v7e-m+fp/hard\libpic32c.a(lseek.o)
 .debug_info    0x00041e52      0x291 c:/program files/microchip/xc32/v4.10/bin/bin/../../lib/gcc/pic32c/8.3.1/../../../../pic32c/lib/thumb/v7e-m+fp/hard\libpic32c.a(sbrk.o)

.debug_abbrev   0x00000000     0x7499
 .debug_abbrev  0x00000000      0x58f build/default/production/_ext/1100529066/drv_sdspi.o
 .debug_abbrev  0x0000058f      0x266 build/default/production/_ext/1100529066/drv_sdspi_driver_interface.o
 .debug_abbrev  0x000007f5      0x15c build/default/production/_ext/1100529066/drv_sdspi_file_system.o
 .debug_abbrev  0x00000951      0x449 build/default/production/_ext/2070931557/drv_spi.o
 .debug_abbrev  0x00000d9a      0x1ea build/default/production/_ext/1529399856/osal_freertos.o
 .debug_abbrev  0x00000f84      0x122 build/default/production/_ext/1984496892/plib_clock.o
 .debug_abbrev  0x000010a6       0x3b build/default/production/_ext/1986646378/plib_evsys.o
 .debug_abbrev  0x000010e1      0x1f3 build/default/production/_ext/1865468468/plib_nvic.o
 .debug_abbrev  0x000012d4      0x245 build/default/production/_ext/1593096446/plib_nvmctrl.o
 .debug_abbrev  0x00001519      0x1d6 build/default/production/_ext/1865521619/plib_port.o
 .debug_abbrev  0x000016ef      0x1e8 build/default/production/_ext/60180175/plib_rtc_timer.o
 .debug_abbrev  0x000018d7      0x21b build/default/production/_ext/714983638/plib_sercom4_i2c_slave.o
 .debug_abbrev  0x00001af2      0x29a build/default/production/_ext/17022449/plib_sercom2_spi_master.o
 .debug_abbrev  0x00001d8c      0x2a1 build/default/production/_ext/504274921/plib_sercom3_usart.o
 .debug_abbrev  0x0000202d       0xb9 build/default/production/_ext/163028504/xc32_monitor.o
 .debug_abbrev  0x000020e6      0x3f8 build/default/production/_ext/411819097/ff.o
 .debug_abbrev  0x000024de      0x103 build/default/production/_ext/411819097/ffunicode.o
 .debug_abbrev  0x000025e1      0x2e3 build/default/production/_ext/565198302/diskio.o
 .debug_abbrev  0x000028c4      0x4c6 build/default/production/_ext/1269487135/sys_fs.o
 .debug_abbrev  0x00002d8a      0x4e6 build/default/production/_ext/1269487135/sys_fs_media_manager.o
 .debug_abbrev  0x00003270      0x31d build/default/production/_ext/1269487135/sys_fs_fat_interface.o
 .debug_abbrev  0x0000358d      0x240 build/default/production/_ext/1881668453/sys_int.o
 .debug_abbrev  0x000037cd      0x50a build/default/production/_ext/101884895/sys_time.o
 .debug_abbrev  0x00003cd7      0x2dd build/default/production/_ext/1171490990/initialization.o
 .debug_abbrev  0x00003fb4       0xda build/default/production/_ext/1171490990/interrupts.o
 .debug_abbrev  0x0000408e       0x3e build/default/production/_ext/1171490990/exceptions.o
 .debug_abbrev  0x000040cc      0x1db build/default/production/_ext/1171490990/startup_xc32.o
 .debug_abbrev  0x000042a7      0x14e build/default/production/_ext/1171490990/freertos_hooks.o
 .debug_abbrev  0x000043f5      0x15a build/default/production/_ext/1171490990/tasks.o
 .debug_abbrev  0x0000454f      0x226 build/default/production/_ext/246609638/port.o
 .debug_abbrev  0x00004775      0x16c build/default/production/_ext/1665200909/heap_1.o
 .debug_abbrev  0x000048e1      0x15e build/default/production/_ext/404212886/list.o
 .debug_abbrev  0x00004a3f      0x399 build/default/production/_ext/404212886/queue.o
 .debug_abbrev  0x00004dd8      0x466 build/default/production/_ext/404212886/FreeRTOS_tasks.o
 .debug_abbrev  0x0000523e       0x77 build/default/production/_ext/1360937237/main.o
 .debug_abbrev  0x000052b5      0x281 build/default/production/_ext/1360937237/app.o
 .debug_abbrev  0x00005536      0x242 build/default/production/_ext/1360937237/pdu_packet.o
 .debug_abbrev  0x00005778       0x2e c:/program files/microchip/xc32/v4.10/bin/bin/../../lib/gcc/pic32c/8.3.1/../../../../pic32c/lib/thumb/v7e-m+fp/hard\libpic32c.a(data_init.o)
 .debug_abbrev  0x000057a6      0x117 c:/program files/microchip/xc32/v4.10/bin/bin/../../lib/gcc/pic32c/8.3.1/../../../../pic32c/lib/thumb/v7e-m+fp/hard\libc-musl.a(__libc_start_main.o)
 .debug_abbrev  0x000058bd       0xb8 c:/program files/microchip/xc32/v4.10/bin/bin/../../lib/gcc/pic32c/8.3.1/../../../../pic32c/lib/thumb/v7e-m+fp/hard\libc-musl.a(libc.o)
 .debug_abbrev  0x00005975      0x413 c:/program files/microchip/xc32/v4.10/bin/bin/../../lib/gcc/pic32c/8.3.1/../../../../pic32c/lib/thumb/v7e-m+fp/hard\libc-musl.a(malloc.o)
 .debug_abbrev  0x00005d88       0xa5 c:/program files/microchip/xc32/v4.10/bin/bin/../../lib/gcc/pic32c/8.3.1/../../../../pic32c/lib/thumb/v7e-m+fp/hard\libc-musl.a(expand_heap.o)
 .debug_abbrev  0x00005e2d      0x178 c:/program files/microchip/xc32/v4.10/bin/bin/../../lib/gcc/pic32c/8.3.1/../../../../pic32c/lib/thumb/v7e-m+fp/hard\libc-musl.a(stdin.o)
 .debug_abbrev  0x00005fa5      0x135 c:/program files/microchip/xc32/v4.10/bin/bin/../../lib/gcc/pic32c/8.3.1/../../../../pic32c/lib/thumb/v7e-m+fp/hard\libc-musl.a(stdout.o)
 .debug_abbrev  0x000060da       0xa0 c:/program files/microchip/xc32/v4.10/bin/bin/../../lib/gcc/pic32c/8.3.1/../../../../pic32c/lib/thumb/v7e-m+fp/hard\libc-musl.a(setbuf.o)
 .debug_abbrev  0x0000617a       0x8b c:/program files/microchip/xc32/v4.10/bin/bin/../../lib/gcc/pic32c/8.3.1/../../../../pic32c/lib/thumb/v7e-m+fp/hard\libc-musl.a(memcmp.o)
 .debug_abbrev  0x00006205       0x9c c:/program files/microchip/xc32/v4.10/bin/bin/../../lib/gcc/pic32c/8.3.1/../../../../pic32c/lib/thumb/v7e-m+fp/hard\libc-musl.a(memcpy.o)
 .debug_abbrev  0x000062a1       0x97 c:/program files/microchip/xc32/v4.10/bin/bin/../../lib/gcc/pic32c/8.3.1/../../../../pic32c/lib/thumb/v7e-m+fp/hard\libc-musl.a(memset.o)
 .debug_abbrev  0x00006338       0x86 c:/program files/microchip/xc32/v4.10/bin/bin/../../lib/gcc/pic32c/8.3.1/../../../../pic32c/lib/thumb/v7e-m+fp/hard\libc-musl.a(strlen.o)
 .debug_abbrev  0x000063be       0xa2 c:/program files/microchip/xc32/v4.10/bin/bin/../../lib/gcc/pic32c/8.3.1/../../../../pic32c/lib/thumb/v7e-m+fp/hard\libc-musl.a(strchr.o)
 .debug_abbrev  0x00006460       0xeb c:/program files/microchip/xc32/v4.10/bin/bin/../../lib/gcc/pic32c/8.3.1/../../../../pic32c/lib/thumb/v7e-m+fp/hard\libc-musl.a(strchrnul.o)
 .debug_abbrev  0x0000654b       0x57 c:/program files/microchip/xc32/v4.10/bin/bin/../../lib/gcc/pic32c/8.3.1/../../../../pic32c/lib/thumb/v7e-m+fp/hard\libc-musl.a(__environ.o)
 .debug_abbrev  0x000065a2       0x2e c:/program files/microchip/xc32/v4.10/bin/bin/../../lib/gcc/pic32c/8.3.1/../../../../pic32c/lib/thumb/v7e-m+fp/hard\libc-musl.a(__errno_location.o)
 .debug_abbrev  0x000065d0      0x150 c:/program files/microchip/xc32/v4.10/bin/bin/../../lib/gcc/pic32c/8.3.1/../../../../pic32c/lib/thumb/v7e-m+fp/hard\libc-musl.a(__stdio_read.o)
 .debug_abbrev  0x00006720       0xdc c:/program files/microchip/xc32/v4.10/bin/bin/../../lib/gcc/pic32c/8.3.1/../../../../pic32c/lib/thumb/v7e-m+fp/hard\libc-musl.a(__towrite_rw.o)
 .debug_abbrev  0x000067fc      0x11c c:/program files/microchip/xc32/v4.10/bin/bin/../../lib/gcc/pic32c/8.3.1/../../../../pic32c/lib/thumb/v7e-m+fp/hard\libc-musl.a(setvbuf.o)
 .debug_abbrev  0x00006918       0xd8 c:/program files/microchip/xc32/v4.10/bin/bin/../../lib/gcc/pic32c/8.3.1/../../../../pic32c/lib/thumb/v7e-m+fp/hard\libc-musl.a(readv.o)
 .debug_abbrev  0x000069f0       0x5a c:/program files/microchip/xc32/v4.10/bin/bin/../../lib/gcc/pic32c/8.3.1/../../../../pic32c/lib/thumb/v7e-m+fp/hard\libc-musl.a(__init_stdio.o)
 .debug_abbrev  0x00006a4a      0x170 c:/program files/microchip/xc32/v4.10/bin/bin/../../lib/gcc/pic32c/8.3.1/../../../../pic32c/lib/thumb/v7e-m+fp/hard\libc-musl.a(__out.o)
 .debug_abbrev  0x00006bba      0x154 c:/program files/microchip/xc32/v4.10/bin/bin/../../lib/gcc/pic32c/8.3.1/../../../../pic32c/lib/thumb/v7e-m+fp/hard\libc-musl.a(__stderr.o)
 .debug_abbrev  0x00006d0e      0x122 c:/program files/microchip/xc32/v4.10/bin/bin/../../lib/gcc/pic32c/8.3.1/../../../../pic32c/lib/thumb/v7e-m+fp/hard\libc-musl.a(__stdio_close.o)
 .debug_abbrev  0x00006e30      0x1a1 c:/program files/microchip/xc32/v4.10/bin/bin/../../lib/gcc/pic32c/8.3.1/../../../../pic32c/lib/thumb/v7e-m+fp/hard\libc-musl.a(__stdio_write.o)
 .debug_abbrev  0x00006fd1      0x154 c:/program files/microchip/xc32/v4.10/bin/bin/../../lib/gcc/pic32c/8.3.1/../../../../pic32c/lib/thumb/v7e-m+fp/hard\libc-musl.a(__stdout.o)
 .debug_abbrev  0x00007125       0xf8 c:/program files/microchip/xc32/v4.10/bin/bin/../../lib/gcc/pic32c/8.3.1/../../../../pic32c/lib/thumb/v7e-m+fp/hard\libc-musl.a(__towrite.o)
 .debug_abbrev  0x0000721d       0xd8 c:/program files/microchip/xc32/v4.10/bin/bin/../../lib/gcc/pic32c/8.3.1/../../../../pic32c/lib/thumb/v7e-m+fp/hard\libc-musl.a(writev.o)
 .debug_abbrev  0x000072f5       0x14 c:/program files/microchip/xc32/v4.10/bin/bin/../../lib/gcc/pic32c/8.3.1/thumb/v7e-m+fp/hard\libgcc.a(_aeabi_uldivmod.o)
 .debug_abbrev  0x00007309       0xf2 c:/program files/microchip/xc32/v4.10/bin/bin/../../lib/gcc/pic32c/8.3.1/thumb/v7e-m+fp/hard\libgcc.a(_udivmoddi4.o)
 .debug_abbrev  0x000073fb       0x14 c:/program files/microchip/xc32/v4.10/bin/bin/../../lib/gcc/pic32c/8.3.1/thumb/v7e-m+fp/hard\libgcc.a(_dvmd_tls.o)
 .debug_abbrev  0x0000740f       0x2e c:/program files/microchip/xc32/v4.10/bin/bin/../../lib/gcc/pic32c/8.3.1/../../../../pic32c/lib/thumb/v7e-m+fp/hard\libpic32c.a(close.o)
 .debug_abbrev  0x0000743d       0x2e c:/program files/microchip/xc32/v4.10/bin/bin/../../lib/gcc/pic32c/8.3.1/../../../../pic32c/lib/thumb/v7e-m+fp/hard\libpic32c.a(lseek.o)
 .debug_abbrev  0x0000746b       0x2e c:/program files/microchip/xc32/v4.10/bin/bin/../../lib/gcc/pic32c/8.3.1/../../../../pic32c/lib/thumb/v7e-m+fp/hard\libpic32c.a(sbrk.o)

.debug_loc      0x00000000    0x2295b
 .debug_loc     0x00000000     0x227e build/default/production/_ext/1100529066/drv_sdspi.o
 .debug_loc     0x0000227e      0x852 build/default/production/_ext/1100529066/drv_sdspi_driver_interface.o
 .debug_loc     0x00002ad0       0x45 build/default/production/_ext/1100529066/drv_sdspi_file_system.o
 .debug_loc     0x00002b15     0x103b build/default/production/_ext/2070931557/drv_spi.o
 .debug_loc     0x00003b50      0x727 build/default/production/_ext/1529399856/osal_freertos.o
 .debug_loc     0x00004277      0x302 build/default/production/_ext/1865468468/plib_nvic.o
 .debug_loc     0x00004579      0x868 build/default/production/_ext/1593096446/plib_nvmctrl.o
 .debug_loc     0x00004de1      0x1e8 build/default/production/_ext/1865521619/plib_port.o
 .debug_loc     0x00004fc9       0xb4 build/default/production/_ext/60180175/plib_rtc_timer.o
 .debug_loc     0x0000507d       0xe8 build/default/production/_ext/714983638/plib_sercom4_i2c_slave.o
 .debug_loc     0x00005165      0x5fd build/default/production/_ext/17022449/plib_sercom2_spi_master.o
 .debug_loc     0x00005762      0x861 build/default/production/_ext/504274921/plib_sercom3_usart.o
 .debug_loc     0x00005fc3      0x1c0 build/default/production/_ext/163028504/xc32_monitor.o
 .debug_loc     0x00006183     0x9fe9 build/default/production/_ext/411819097/ff.o
 .debug_loc     0x0001016c      0x575 build/default/production/_ext/411819097/ffunicode.o
 .debug_loc     0x000106e1      0x58b build/default/production/_ext/565198302/diskio.o
 .debug_loc     0x00010c6c     0x4c3c build/default/production/_ext/1269487135/sys_fs.o
 .debug_loc     0x000158a8     0x1696 build/default/production/_ext/1269487135/sys_fs_media_manager.o
 .debug_loc     0x00016f3e     0x1c60 build/default/production/_ext/1269487135/sys_fs_fat_interface.o
 .debug_loc     0x00018b9e      0x182 build/default/production/_ext/1881668453/sys_int.o
 .debug_loc     0x00018d20     0x1f95 build/default/production/_ext/101884895/sys_time.o
 .debug_loc     0x0001acb5       0x45 build/default/production/_ext/1171490990/initialization.o
 .debug_loc     0x0001acfa       0x4a build/default/production/_ext/1171490990/startup_xc32.o
 .debug_loc     0x0001ad44       0x82 build/default/production/_ext/1171490990/freertos_hooks.o
 .debug_loc     0x0001adc6      0x107 build/default/production/_ext/1171490990/tasks.o
 .debug_loc     0x0001aecd      0x13a build/default/production/_ext/246609638/port.o
 .debug_loc     0x0001b007      0x116 build/default/production/_ext/1665200909/heap_1.o
 .debug_loc     0x0001b11d       0xb2 build/default/production/_ext/404212886/list.o
 .debug_loc     0x0001b1cf     0x16e4 build/default/production/_ext/404212886/queue.o
 .debug_loc     0x0001c8b3     0x212d build/default/production/_ext/404212886/FreeRTOS_tasks.o
 .debug_loc     0x0001e9e0       0x20 build/default/production/_ext/1360937237/main.o
 .debug_loc     0x0001ea00      0x19f build/default/production/_ext/1360937237/app.o
 .debug_loc     0x0001eb9f     0x114b build/default/production/_ext/1360937237/pdu_packet.o
 .debug_loc     0x0001fcea       0x14 c:/program files/microchip/xc32/v4.10/bin/bin/../../lib/gcc/pic32c/8.3.1/../../../../pic32c/lib/thumb/v7e-m+fp/hard\libpic32c.a(data_init.o)
 .debug_loc     0x0001fcfe       0x51 c:/program files/microchip/xc32/v4.10/bin/bin/../../lib/gcc/pic32c/8.3.1/../../../../pic32c/lib/thumb/v7e-m+fp/hard\libc-musl.a(__libc_start_main.o)
 .debug_loc     0x0001fd4f      0xccc c:/program files/microchip/xc32/v4.10/bin/bin/../../lib/gcc/pic32c/8.3.1/../../../../pic32c/lib/thumb/v7e-m+fp/hard\libc-musl.a(malloc.o)
 .debug_loc     0x00020a1b       0x7c c:/program files/microchip/xc32/v4.10/bin/bin/../../lib/gcc/pic32c/8.3.1/../../../../pic32c/lib/thumb/v7e-m+fp/hard\libc-musl.a(expand_heap.o)
 .debug_loc     0x00020a97       0x25 c:/program files/microchip/xc32/v4.10/bin/bin/../../lib/gcc/pic32c/8.3.1/../../../../pic32c/lib/thumb/v7e-m+fp/hard\libc-musl.a(stdin.o)
 .debug_loc     0x00020abc       0x20 c:/program files/microchip/xc32/v4.10/bin/bin/../../lib/gcc/pic32c/8.3.1/../../../../pic32c/lib/thumb/v7e-m+fp/hard\libc-musl.a(stdout.o)
 .debug_loc     0x00020adc       0x4a c:/program files/microchip/xc32/v4.10/bin/bin/../../lib/gcc/pic32c/8.3.1/../../../../pic32c/lib/thumb/v7e-m+fp/hard\libc-musl.a(setbuf.o)
 .debug_loc     0x00020b26      0x10c c:/program files/microchip/xc32/v4.10/bin/bin/../../lib/gcc/pic32c/8.3.1/../../../../pic32c/lib/thumb/v7e-m+fp/hard\libc-musl.a(memcmp.o)
 .debug_loc     0x00020c32       0xba c:/program files/microchip/xc32/v4.10/bin/bin/../../lib/gcc/pic32c/8.3.1/../../../../pic32c/lib/thumb/v7e-m+fp/hard\libc-musl.a(memcpy.o)
 .debug_loc     0x00020cec       0x56 c:/program files/microchip/xc32/v4.10/bin/bin/../../lib/gcc/pic32c/8.3.1/../../../../pic32c/lib/thumb/v7e-m+fp/hard\libc-musl.a(memset.o)
 .debug_loc     0x00020d42       0x47 c:/program files/microchip/xc32/v4.10/bin/bin/../../lib/gcc/pic32c/8.3.1/../../../../pic32c/lib/thumb/v7e-m+fp/hard\libc-musl.a(strlen.o)
 .debug_loc     0x00020d89       0x8c c:/program files/microchip/xc32/v4.10/bin/bin/../../lib/gcc/pic32c/8.3.1/../../../../pic32c/lib/thumb/v7e-m+fp/hard\libc-musl.a(strchr.o)
 .debug_loc     0x00020e15      0x14c c:/program files/microchip/xc32/v4.10/bin/bin/../../lib/gcc/pic32c/8.3.1/../../../../pic32c/lib/thumb/v7e-m+fp/hard\libc-musl.a(strchrnul.o)
 .debug_loc     0x00020f61      0x103 c:/program files/microchip/xc32/v4.10/bin/bin/../../lib/gcc/pic32c/8.3.1/../../../../pic32c/lib/thumb/v7e-m+fp/hard\libc-musl.a(__stdio_read.o)
 .debug_loc     0x00021064       0x25 c:/program files/microchip/xc32/v4.10/bin/bin/../../lib/gcc/pic32c/8.3.1/../../../../pic32c/lib/thumb/v7e-m+fp/hard\libc-musl.a(__towrite_rw.o)
 .debug_loc     0x00021089       0xd8 c:/program files/microchip/xc32/v4.10/bin/bin/../../lib/gcc/pic32c/8.3.1/../../../../pic32c/lib/thumb/v7e-m+fp/hard\libc-musl.a(setvbuf.o)
 .debug_loc     0x00021161       0xeb c:/program files/microchip/xc32/v4.10/bin/bin/../../lib/gcc/pic32c/8.3.1/../../../../pic32c/lib/thumb/v7e-m+fp/hard\libc-musl.a(readv.o)
 .debug_loc     0x0002124c       0x20 c:/program files/microchip/xc32/v4.10/bin/bin/../../lib/gcc/pic32c/8.3.1/../../../../pic32c/lib/thumb/v7e-m+fp/hard\libc-musl.a(__init_stdio.o)
 .debug_loc     0x0002126c      0x1a8 c:/program files/microchip/xc32/v4.10/bin/bin/../../lib/gcc/pic32c/8.3.1/../../../../pic32c/lib/thumb/v7e-m+fp/hard\libc-musl.a(__out.o)
 .debug_loc     0x00021414       0x25 c:/program files/microchip/xc32/v4.10/bin/bin/../../lib/gcc/pic32c/8.3.1/../../../../pic32c/lib/thumb/v7e-m+fp/hard\libc-musl.a(__stderr.o)
 .debug_loc     0x00021439      0x22c c:/program files/microchip/xc32/v4.10/bin/bin/../../lib/gcc/pic32c/8.3.1/../../../../pic32c/lib/thumb/v7e-m+fp/hard\libc-musl.a(__stdio_close.o)
 .debug_loc     0x00021665      0x2f1 c:/program files/microchip/xc32/v4.10/bin/bin/../../lib/gcc/pic32c/8.3.1/../../../../pic32c/lib/thumb/v7e-m+fp/hard\libc-musl.a(__stdio_write.o)
 .debug_loc     0x00021956       0x25 c:/program files/microchip/xc32/v4.10/bin/bin/../../lib/gcc/pic32c/8.3.1/../../../../pic32c/lib/thumb/v7e-m+fp/hard\libc-musl.a(__stdout.o)
 .debug_loc     0x0002197b       0x7c c:/program files/microchip/xc32/v4.10/bin/bin/../../lib/gcc/pic32c/8.3.1/../../../../pic32c/lib/thumb/v7e-m+fp/hard\libc-musl.a(__towrite.o)
 .debug_loc     0x000219f7       0xeb c:/program files/microchip/xc32/v4.10/bin/bin/../../lib/gcc/pic32c/8.3.1/../../../../pic32c/lib/thumb/v7e-m+fp/hard\libc-musl.a(writev.o)
 .debug_loc     0x00021ae2      0xe79 c:/program files/microchip/xc32/v4.10/bin/bin/../../lib/gcc/pic32c/8.3.1/thumb/v7e-m+fp/hard\libgcc.a(_udivmoddi4.o)

.debug_aranges  0x00000000     0x1760
 .debug_aranges
                0x00000000       0xb8 build/default/production/_ext/1100529066/drv_sdspi.o
 .debug_aranges
                0x000000b8       0x80 build/default/production/_ext/1100529066/drv_sdspi_driver_interface.o
 .debug_aranges
                0x00000138       0x20 build/default/production/_ext/1100529066/drv_sdspi_file_system.o
 .debug_aranges
                0x00000158       0x70 build/default/production/_ext/2070931557/drv_spi.o
 .debug_aranges
                0x000001c8       0x90 build/default/production/_ext/1529399856/osal_freertos.o
 .debug_aranges
                0x00000258       0x20 build/default/production/_ext/1984496892/plib_clock.o
 .debug_aranges
                0x00000278       0x20 build/default/production/_ext/1986646378/plib_evsys.o
 .debug_aranges
                0x00000298       0x38 build/default/production/_ext/1865468468/plib_nvic.o
 .debug_aranges
                0x000002d0       0xd8 build/default/production/_ext/1593096446/plib_nvmctrl.o
 .debug_aranges
                0x000003a8       0x70 build/default/production/_ext/1865521619/plib_port.o
 .debug_aranges
                0x00000418       0xb0 build/default/production/_ext/60180175/plib_rtc_timer.o
 .debug_aranges
                0x000004c8       0x68 build/default/production/_ext/714983638/plib_sercom4_i2c_slave.o
 .debug_aranges
                0x00000530       0x60 build/default/production/_ext/17022449/plib_sercom2_spi_master.o
 .debug_aranges
                0x00000590       0x98 build/default/production/_ext/504274921/plib_sercom3_usart.o
 .debug_aranges
                0x00000628       0x28 build/default/production/_ext/163028504/xc32_monitor.o
 .debug_aranges
                0x00000650      0x210 build/default/production/_ext/411819097/ff.o
 .debug_aranges
                0x00000860       0x30 build/default/production/_ext/411819097/ffunicode.o
 .debug_aranges
                0x00000890       0x58 build/default/production/_ext/565198302/diskio.o
 .debug_aranges
                0x000008e8      0x170 build/default/production/_ext/1269487135/sys_fs.o
 .debug_aranges
                0x00000a58       0x98 build/default/production/_ext/1269487135/sys_fs_media_manager.o
 .debug_aranges
                0x00000af0      0x130 build/default/production/_ext/1269487135/sys_fs_fat_interface.o
 .debug_aranges
                0x00000c20       0x40 build/default/production/_ext/1881668453/sys_int.o
 .debug_aranges
                0x00000c60      0x108 build/default/production/_ext/101884895/sys_time.o
 .debug_aranges
                0x00000d68       0x20 build/default/production/_ext/1171490990/initialization.o
 .debug_aranges
                0x00000d88       0x20 build/default/production/_ext/1171490990/interrupts.o
 .debug_aranges
                0x00000da8       0x48 build/default/production/_ext/1171490990/exceptions.o
 .debug_aranges
                0x00000df0       0x28 build/default/production/_ext/1171490990/startup_xc32.o
 .debug_aranges
                0x00000e18       0x40 build/default/production/_ext/1171490990/freertos_hooks.o
 .debug_aranges
                0x00000e58       0x38 build/default/production/_ext/1171490990/tasks.o
 .debug_aranges
                0x00000e90       0x78 build/default/production/_ext/246609638/port.o
 .debug_aranges
                0x00000f08       0x38 build/default/production/_ext/1665200909/heap_1.o
 .debug_aranges
                0x00000f40       0x40 build/default/production/_ext/404212886/list.o
 .debug_aranges
                0x00000f80       0xc8 build/default/production/_ext/404212886/queue.o
 .debug_aranges
                0x00001048      0x178 build/default/production/_ext/404212886/FreeRTOS_tasks.o
 .debug_aranges
                0x000011c0       0x20 build/default/production/_ext/1360937237/main.o
 .debug_aranges
                0x000011e0       0x68 build/default/production/_ext/1360937237/app.o
 .debug_aranges
                0x00001248       0x30 build/default/production/_ext/1360937237/pdu_packet.o
 .debug_aranges
                0x00001278       0x20 c:/program files/microchip/xc32/v4.10/bin/bin/../../lib/gcc/pic32c/8.3.1/../../../../pic32c/lib/thumb/v7e-m+fp/hard\libpic32c.a(data_init.o)
 .debug_aranges
                0x00001298       0x28 c:/program files/microchip/xc32/v4.10/bin/bin/../../lib/gcc/pic32c/8.3.1/../../../../pic32c/lib/thumb/v7e-m+fp/hard\libc-musl.a(__libc_start_main.o)
 .debug_aranges
                0x000012c0       0x18 c:/program files/microchip/xc32/v4.10/bin/bin/../../lib/gcc/pic32c/8.3.1/../../../../pic32c/lib/thumb/v7e-m+fp/hard\libc-musl.a(libc.o)
 .debug_aranges
                0x000012d8       0x70 c:/program files/microchip/xc32/v4.10/bin/bin/../../lib/gcc/pic32c/8.3.1/../../../../pic32c/lib/thumb/v7e-m+fp/hard\libc-musl.a(malloc.o)
 .debug_aranges
                0x00001348       0x20 c:/program files/microchip/xc32/v4.10/bin/bin/../../lib/gcc/pic32c/8.3.1/../../../../pic32c/lib/thumb/v7e-m+fp/hard\libc-musl.a(expand_heap.o)
 .debug_aranges
                0x00001368       0x28 c:/program files/microchip/xc32/v4.10/bin/bin/../../lib/gcc/pic32c/8.3.1/../../../../pic32c/lib/thumb/v7e-m+fp/hard\libc-musl.a(stdin.o)
 .debug_aranges
                0x00001390       0x30 c:/program files/microchip/xc32/v4.10/bin/bin/../../lib/gcc/pic32c/8.3.1/../../../../pic32c/lib/thumb/v7e-m+fp/hard\libc-musl.a(stdout.o)
 .debug_aranges
                0x000013c0       0x20 c:/program files/microchip/xc32/v4.10/bin/bin/../../lib/gcc/pic32c/8.3.1/../../../../pic32c/lib/thumb/v7e-m+fp/hard\libc-musl.a(setbuf.o)
 .debug_aranges
                0x000013e0       0x20 c:/program files/microchip/xc32/v4.10/bin/bin/../../lib/gcc/pic32c/8.3.1/../../../../pic32c/lib/thumb/v7e-m+fp/hard\libc-musl.a(memcmp.o)
 .debug_aranges
                0x00001400       0x20 c:/program files/microchip/xc32/v4.10/bin/bin/../../lib/gcc/pic32c/8.3.1/../../../../pic32c/lib/thumb/v7e-m+fp/hard\libc-musl.a(memcpy.o)
 .debug_aranges
                0x00001420       0x20 c:/program files/microchip/xc32/v4.10/bin/bin/../../lib/gcc/pic32c/8.3.1/../../../../pic32c/lib/thumb/v7e-m+fp/hard\libc-musl.a(memset.o)
 .debug_aranges
                0x00001440       0x20 c:/program files/microchip/xc32/v4.10/bin/bin/../../lib/gcc/pic32c/8.3.1/../../../../pic32c/lib/thumb/v7e-m+fp/hard\libc-musl.a(strlen.o)
 .debug_aranges
                0x00001460       0x20 c:/program files/microchip/xc32/v4.10/bin/bin/../../lib/gcc/pic32c/8.3.1/../../../../pic32c/lib/thumb/v7e-m+fp/hard\libc-musl.a(strchr.o)
 .debug_aranges
                0x00001480       0x20 c:/program files/microchip/xc32/v4.10/bin/bin/../../lib/gcc/pic32c/8.3.1/../../../../pic32c/lib/thumb/v7e-m+fp/hard\libc-musl.a(strchrnul.o)
 .debug_aranges
                0x000014a0       0x18 c:/program files/microchip/xc32/v4.10/bin/bin/../../lib/gcc/pic32c/8.3.1/../../../../pic32c/lib/thumb/v7e-m+fp/hard\libc-musl.a(__environ.o)
 .debug_aranges
                0x000014b8       0x18 c:/program files/microchip/xc32/v4.10/bin/bin/../../lib/gcc/pic32c/8.3.1/../../../../pic32c/lib/thumb/v7e-m+fp/hard\libc-musl.a(__errno_location.o)
 .debug_aranges
                0x000014d0       0x20 c:/program files/microchip/xc32/v4.10/bin/bin/../../lib/gcc/pic32c/8.3.1/../../../../pic32c/lib/thumb/v7e-m+fp/hard\libc-musl.a(__stdio_read.o)
 .debug_aranges
                0x000014f0       0x20 c:/program files/microchip/xc32/v4.10/bin/bin/../../lib/gcc/pic32c/8.3.1/../../../../pic32c/lib/thumb/v7e-m+fp/hard\libc-musl.a(__towrite_rw.o)
 .debug_aranges
                0x00001510       0x28 c:/program files/microchip/xc32/v4.10/bin/bin/../../lib/gcc/pic32c/8.3.1/../../../../pic32c/lib/thumb/v7e-m+fp/hard\libc-musl.a(setvbuf.o)
 .debug_aranges
                0x00001538       0x20 c:/program files/microchip/xc32/v4.10/bin/bin/../../lib/gcc/pic32c/8.3.1/../../../../pic32c/lib/thumb/v7e-m+fp/hard\libc-musl.a(readv.o)
 .debug_aranges
                0x00001558       0x28 c:/program files/microchip/xc32/v4.10/bin/bin/../../lib/gcc/pic32c/8.3.1/../../../../pic32c/lib/thumb/v7e-m+fp/hard\libc-musl.a(__init_stdio.o)
 .debug_aranges
                0x00001580       0x28 c:/program files/microchip/xc32/v4.10/bin/bin/../../lib/gcc/pic32c/8.3.1/../../../../pic32c/lib/thumb/v7e-m+fp/hard\libc-musl.a(__out.o)
 .debug_aranges
                0x000015a8       0x30 c:/program files/microchip/xc32/v4.10/bin/bin/../../lib/gcc/pic32c/8.3.1/../../../../pic32c/lib/thumb/v7e-m+fp/hard\libc-musl.a(__stderr.o)
 .debug_aranges
                0x000015d8       0x28 c:/program files/microchip/xc32/v4.10/bin/bin/../../lib/gcc/pic32c/8.3.1/../../../../pic32c/lib/thumb/v7e-m+fp/hard\libc-musl.a(__stdio_close.o)
 .debug_aranges
                0x00001600       0x28 c:/program files/microchip/xc32/v4.10/bin/bin/../../lib/gcc/pic32c/8.3.1/../../../../pic32c/lib/thumb/v7e-m+fp/hard\libc-musl.a(__stdio_write.o)
 .debug_aranges
                0x00001628       0x30 c:/program files/microchip/xc32/v4.10/bin/bin/../../lib/gcc/pic32c/8.3.1/../../../../pic32c/lib/thumb/v7e-m+fp/hard\libc-musl.a(__stdout.o)
 .debug_aranges
                0x00001658       0x28 c:/program files/microchip/xc32/v4.10/bin/bin/../../lib/gcc/pic32c/8.3.1/../../../../pic32c/lib/thumb/v7e-m+fp/hard\libc-musl.a(__towrite.o)
 .debug_aranges
                0x00001680       0x20 c:/program files/microchip/xc32/v4.10/bin/bin/../../lib/gcc/pic32c/8.3.1/../../../../pic32c/lib/thumb/v7e-m+fp/hard\libc-musl.a(writev.o)
 .debug_aranges
                0x000016a0       0x20 c:/program files/microchip/xc32/v4.10/bin/bin/../../lib/gcc/pic32c/8.3.1/thumb/v7e-m+fp/hard\libgcc.a(_aeabi_uldivmod.o)
 .debug_aranges
                0x000016c0       0x20 c:/program files/microchip/xc32/v4.10/bin/bin/../../lib/gcc/pic32c/8.3.1/thumb/v7e-m+fp/hard\libgcc.a(_udivmoddi4.o)
 .debug_aranges
                0x000016e0       0x20 c:/program files/microchip/xc32/v4.10/bin/bin/../../lib/gcc/pic32c/8.3.1/thumb/v7e-m+fp/hard\libgcc.a(_dvmd_tls.o)
 .debug_aranges
                0x00001700       0x20 c:/program files/microchip/xc32/v4.10/bin/bin/../../lib/gcc/pic32c/8.3.1/../../../../pic32c/lib/thumb/v7e-m+fp/hard\libpic32c.a(close.o)
 .debug_aranges
                0x00001720       0x20 c:/program files/microchip/xc32/v4.10/bin/bin/../../lib/gcc/pic32c/8.3.1/../../../../pic32c/lib/thumb/v7e-m+fp/hard\libpic32c.a(lseek.o)
 .debug_aranges
                0x00001740       0x20 c:/program files/microchip/xc32/v4.10/bin/bin/../../lib/gcc/pic32c/8.3.1/../../../../pic32c/lib/thumb/v7e-m+fp/hard\libpic32c.a(sbrk.o)

.debug_ranges   0x00000000     0x1b38
 .debug_ranges  0x00000000      0x228 build/default/production/_ext/1100529066/drv_sdspi.o
 .debug_ranges  0x00000228       0x70 build/default/production/_ext/1100529066/drv_sdspi_driver_interface.o
 .debug_ranges  0x00000298       0x10 build/default/production/_ext/1100529066/drv_sdspi_file_system.o
 .debug_ranges  0x000002a8       0x78 build/default/production/_ext/2070931557/drv_spi.o
 .debug_ranges  0x00000320       0x80 build/default/production/_ext/1529399856/osal_freertos.o
 .debug_ranges  0x000003a0       0x10 build/default/production/_ext/1984496892/plib_clock.o
 .debug_ranges  0x000003b0       0x10 build/default/production/_ext/1986646378/plib_evsys.o
 .debug_ranges  0x000003c0       0x28 build/default/production/_ext/1865468468/plib_nvic.o
 .debug_ranges  0x000003e8       0xc8 build/default/production/_ext/1593096446/plib_nvmctrl.o
 .debug_ranges  0x000004b0       0x60 build/default/production/_ext/1865521619/plib_port.o
 .debug_ranges  0x00000510       0xa0 build/default/production/_ext/60180175/plib_rtc_timer.o
 .debug_ranges  0x000005b0       0x70 build/default/production/_ext/714983638/plib_sercom4_i2c_slave.o
 .debug_ranges  0x00000620       0x50 build/default/production/_ext/17022449/plib_sercom2_spi_master.o
 .debug_ranges  0x00000670       0x88 build/default/production/_ext/504274921/plib_sercom3_usart.o
 .debug_ranges  0x000006f8       0x18 build/default/production/_ext/163028504/xc32_monitor.o
 .debug_ranges  0x00000710      0x3d0 build/default/production/_ext/411819097/ff.o
 .debug_ranges  0x00000ae0       0x20 build/default/production/_ext/411819097/ffunicode.o
 .debug_ranges  0x00000b00       0x60 build/default/production/_ext/565198302/diskio.o
 .debug_ranges  0x00000b60      0x178 build/default/production/_ext/1269487135/sys_fs.o
 .debug_ranges  0x00000cd8      0x110 build/default/production/_ext/1269487135/sys_fs_media_manager.o
 .debug_ranges  0x00000de8      0x120 build/default/production/_ext/1269487135/sys_fs_fat_interface.o
 .debug_ranges  0x00000f08       0x30 build/default/production/_ext/1881668453/sys_int.o
 .debug_ranges  0x00000f38      0x128 build/default/production/_ext/101884895/sys_time.o
 .debug_ranges  0x00001060       0x10 build/default/production/_ext/1171490990/initialization.o
 .debug_ranges  0x00001070       0x10 build/default/production/_ext/1171490990/interrupts.o
 .debug_ranges  0x00001080       0x38 build/default/production/_ext/1171490990/exceptions.o
 .debug_ranges  0x000010b8       0x18 build/default/production/_ext/1171490990/startup_xc32.o
 .debug_ranges  0x000010d0       0x30 build/default/production/_ext/1171490990/freertos_hooks.o
 .debug_ranges  0x00001100       0x28 build/default/production/_ext/1171490990/tasks.o
 .debug_ranges  0x00001128       0x68 build/default/production/_ext/246609638/port.o
 .debug_ranges  0x00001190       0x28 build/default/production/_ext/1665200909/heap_1.o
 .debug_ranges  0x000011b8       0x30 build/default/production/_ext/404212886/list.o
 .debug_ranges  0x000011e8      0x180 build/default/production/_ext/404212886/queue.o
 .debug_ranges  0x00001368      0x280 build/default/production/_ext/404212886/FreeRTOS_tasks.o
 .debug_ranges  0x000015e8       0x10 build/default/production/_ext/1360937237/main.o
 .debug_ranges  0x000015f8       0x58 build/default/production/_ext/1360937237/app.o
 .debug_ranges  0x00001650       0x38 build/default/production/_ext/1360937237/pdu_packet.o
 .debug_ranges  0x00001688       0x10 c:/program files/microchip/xc32/v4.10/bin/bin/../../lib/gcc/pic32c/8.3.1/../../../../pic32c/lib/thumb/v7e-m+fp/hard\libpic32c.a(data_init.o)
 .debug_ranges  0x00001698       0x40 c:/program files/microchip/xc32/v4.10/bin/bin/../../lib/gcc/pic32c/8.3.1/../../../../pic32c/lib/thumb/v7e-m+fp/hard\libc-musl.a(__libc_start_main.o)
 .debug_ranges  0x000016d8      0x1a0 c:/program files/microchip/xc32/v4.10/bin/bin/../../lib/gcc/pic32c/8.3.1/../../../../pic32c/lib/thumb/v7e-m+fp/hard\libc-musl.a(malloc.o)
 .debug_ranges  0x00001878       0x10 c:/program files/microchip/xc32/v4.10/bin/bin/../../lib/gcc/pic32c/8.3.1/../../../../pic32c/lib/thumb/v7e-m+fp/hard\libc-musl.a(expand_heap.o)
 .debug_ranges  0x00001888       0x18 c:/program files/microchip/xc32/v4.10/bin/bin/../../lib/gcc/pic32c/8.3.1/../../../../pic32c/lib/thumb/v7e-m+fp/hard\libc-musl.a(stdin.o)
 .debug_ranges  0x000018a0       0x20 c:/program files/microchip/xc32/v4.10/bin/bin/../../lib/gcc/pic32c/8.3.1/../../../../pic32c/lib/thumb/v7e-m+fp/hard\libc-musl.a(stdout.o)
 .debug_ranges  0x000018c0       0x10 c:/program files/microchip/xc32/v4.10/bin/bin/../../lib/gcc/pic32c/8.3.1/../../../../pic32c/lib/thumb/v7e-m+fp/hard\libc-musl.a(setbuf.o)
 .debug_ranges  0x000018d0       0x10 c:/program files/microchip/xc32/v4.10/bin/bin/../../lib/gcc/pic32c/8.3.1/../../../../pic32c/lib/thumb/v7e-m+fp/hard\libc-musl.a(memcmp.o)
 .debug_ranges  0x000018e0       0x10 c:/program files/microchip/xc32/v4.10/bin/bin/../../lib/gcc/pic32c/8.3.1/../../../../pic32c/lib/thumb/v7e-m+fp/hard\libc-musl.a(memcpy.o)
 .debug_ranges  0x000018f0       0x10 c:/program files/microchip/xc32/v4.10/bin/bin/../../lib/gcc/pic32c/8.3.1/../../../../pic32c/lib/thumb/v7e-m+fp/hard\libc-musl.a(memset.o)
 .debug_ranges  0x00001900       0x10 c:/program files/microchip/xc32/v4.10/bin/bin/../../lib/gcc/pic32c/8.3.1/../../../../pic32c/lib/thumb/v7e-m+fp/hard\libc-musl.a(strlen.o)
 .debug_ranges  0x00001910       0x10 c:/program files/microchip/xc32/v4.10/bin/bin/../../lib/gcc/pic32c/8.3.1/../../../../pic32c/lib/thumb/v7e-m+fp/hard\libc-musl.a(strchr.o)
 .debug_ranges  0x00001920       0x10 c:/program files/microchip/xc32/v4.10/bin/bin/../../lib/gcc/pic32c/8.3.1/../../../../pic32c/lib/thumb/v7e-m+fp/hard\libc-musl.a(strchrnul.o)
 .debug_ranges  0x00001930       0x10 c:/program files/microchip/xc32/v4.10/bin/bin/../../lib/gcc/pic32c/8.3.1/../../../../pic32c/lib/thumb/v7e-m+fp/hard\libc-musl.a(__stdio_read.o)
 .debug_ranges  0x00001940       0x10 c:/program files/microchip/xc32/v4.10/bin/bin/../../lib/gcc/pic32c/8.3.1/../../../../pic32c/lib/thumb/v7e-m+fp/hard\libc-musl.a(__towrite_rw.o)
 .debug_ranges  0x00001950       0x18 c:/program files/microchip/xc32/v4.10/bin/bin/../../lib/gcc/pic32c/8.3.1/../../../../pic32c/lib/thumb/v7e-m+fp/hard\libc-musl.a(setvbuf.o)
 .debug_ranges  0x00001968       0x10 c:/program files/microchip/xc32/v4.10/bin/bin/../../lib/gcc/pic32c/8.3.1/../../../../pic32c/lib/thumb/v7e-m+fp/hard\libc-musl.a(readv.o)
 .debug_ranges  0x00001978       0x18 c:/program files/microchip/xc32/v4.10/bin/bin/../../lib/gcc/pic32c/8.3.1/../../../../pic32c/lib/thumb/v7e-m+fp/hard\libc-musl.a(__init_stdio.o)
 .debug_ranges  0x00001990       0x18 c:/program files/microchip/xc32/v4.10/bin/bin/../../lib/gcc/pic32c/8.3.1/../../../../pic32c/lib/thumb/v7e-m+fp/hard\libc-musl.a(__out.o)
 .debug_ranges  0x000019a8       0x20 c:/program files/microchip/xc32/v4.10/bin/bin/../../lib/gcc/pic32c/8.3.1/../../../../pic32c/lib/thumb/v7e-m+fp/hard\libc-musl.a(__stderr.o)
 .debug_ranges  0x000019c8       0x18 c:/program files/microchip/xc32/v4.10/bin/bin/../../lib/gcc/pic32c/8.3.1/../../../../pic32c/lib/thumb/v7e-m+fp/hard\libc-musl.a(__stdio_close.o)
 .debug_ranges  0x000019e0       0x30 c:/program files/microchip/xc32/v4.10/bin/bin/../../lib/gcc/pic32c/8.3.1/../../../../pic32c/lib/thumb/v7e-m+fp/hard\libc-musl.a(__stdio_write.o)
 .debug_ranges  0x00001a10       0x20 c:/program files/microchip/xc32/v4.10/bin/bin/../../lib/gcc/pic32c/8.3.1/../../../../pic32c/lib/thumb/v7e-m+fp/hard\libc-musl.a(__stdout.o)
 .debug_ranges  0x00001a30       0x18 c:/program files/microchip/xc32/v4.10/bin/bin/../../lib/gcc/pic32c/8.3.1/../../../../pic32c/lib/thumb/v7e-m+fp/hard\libc-musl.a(__towrite.o)
 .debug_ranges  0x00001a48       0x10 c:/program files/microchip/xc32/v4.10/bin/bin/../../lib/gcc/pic32c/8.3.1/../../../../pic32c/lib/thumb/v7e-m+fp/hard\libc-musl.a(writev.o)
 .debug_ranges  0x00001a58       0xb0 c:/program files/microchip/xc32/v4.10/bin/bin/../../lib/gcc/pic32c/8.3.1/thumb/v7e-m+fp/hard\libgcc.a(_udivmoddi4.o)
 .debug_ranges  0x00001b08       0x10 c:/program files/microchip/xc32/v4.10/bin/bin/../../lib/gcc/pic32c/8.3.1/../../../../pic32c/lib/thumb/v7e-m+fp/hard\libpic32c.a(close.o)
 .debug_ranges  0x00001b18       0x10 c:/program files/microchip/xc32/v4.10/bin/bin/../../lib/gcc/pic32c/8.3.1/../../../../pic32c/lib/thumb/v7e-m+fp/hard\libpic32c.a(lseek.o)
 .debug_ranges  0x00001b28       0x10 c:/program files/microchip/xc32/v4.10/bin/bin/../../lib/gcc/pic32c/8.3.1/../../../../pic32c/lib/thumb/v7e-m+fp/hard\libpic32c.a(sbrk.o)

.debug_line     0x00000000    0x179b9
 .debug_line    0x00000000     0x1440 build/default/production/_ext/1100529066/drv_sdspi.o
 .debug_line    0x00001440      0x4f3 build/default/production/_ext/1100529066/drv_sdspi_driver_interface.o
 .debug_line    0x00001933      0x174 build/default/production/_ext/1100529066/drv_sdspi_file_system.o
 .debug_line    0x00001aa7      0x997 build/default/production/_ext/2070931557/drv_spi.o
 .debug_line    0x0000243e      0x417 build/default/production/_ext/1529399856/osal_freertos.o
 .debug_line    0x00002855      0x295 build/default/production/_ext/1984496892/plib_clock.o
 .debug_line    0x00002aea       0x66 build/default/production/_ext/1986646378/plib_evsys.o
 .debug_line    0x00002b50      0x4cc build/default/production/_ext/1865468468/plib_nvic.o
 .debug_line    0x0000301c      0x5c2 build/default/production/_ext/1593096446/plib_nvmctrl.o
 .debug_line    0x000035de      0x459 build/default/production/_ext/1865521619/plib_port.o
 .debug_line    0x00003a37      0x41d build/default/production/_ext/60180175/plib_rtc_timer.o
 .debug_line    0x00003e54      0x3bd build/default/production/_ext/714983638/plib_sercom4_i2c_slave.o
 .debug_line    0x00004211      0x6d0 build/default/production/_ext/17022449/plib_sercom2_spi_master.o
 .debug_line    0x000048e1      0x5e0 build/default/production/_ext/504274921/plib_sercom3_usart.o
 .debug_line    0x00004ec1      0x152 build/default/production/_ext/163028504/xc32_monitor.o
 .debug_line    0x00005013     0x4d41 build/default/production/_ext/411819097/ff.o
 .debug_line    0x00009d54      0x2bc build/default/production/_ext/411819097/ffunicode.o
 .debug_line    0x0000a010      0x385 build/default/production/_ext/565198302/diskio.o
 .debug_line    0x0000a395     0x26a5 build/default/production/_ext/1269487135/sys_fs.o
 .debug_line    0x0000ca3a      0xdc6 build/default/production/_ext/1269487135/sys_fs_media_manager.o
 .debug_line    0x0000d800      0x969 build/default/production/_ext/1269487135/sys_fs_fat_interface.o
 .debug_line    0x0000e169      0x2bf build/default/production/_ext/1881668453/sys_int.o
 .debug_line    0x0000e428      0xe76 build/default/production/_ext/101884895/sys_time.o
 .debug_line    0x0000f29e      0x692 build/default/production/_ext/1171490990/initialization.o
 .debug_line    0x0000f930       0xe9 build/default/production/_ext/1171490990/interrupts.o
 .debug_line    0x0000fa19       0xc6 build/default/production/_ext/1171490990/exceptions.o
 .debug_line    0x0000fadf      0x246 build/default/production/_ext/1171490990/startup_xc32.o
 .debug_line    0x0000fd25      0x1e3 build/default/production/_ext/1171490990/freertos_hooks.o
 .debug_line    0x0000ff08      0x264 build/default/production/_ext/1171490990/tasks.o
 .debug_line    0x0001016c      0x368 build/default/production/_ext/246609638/port.o
 .debug_line    0x000104d4      0x1dd build/default/production/_ext/1665200909/heap_1.o
 .debug_line    0x000106b1      0x2d7 build/default/production/_ext/404212886/list.o
 .debug_line    0x00010988      0xe8e build/default/production/_ext/404212886/queue.o
 .debug_line    0x00011816     0x175d build/default/production/_ext/404212886/FreeRTOS_tasks.o
 .debug_line    0x00012f73       0x6d build/default/production/_ext/1360937237/main.o
 .debug_line    0x00012fe0      0x5db build/default/production/_ext/1360937237/app.o
 .debug_line    0x000135bb      0x959 build/default/production/_ext/1360937237/pdu_packet.o
 .debug_line    0x00013f14      0x112 c:/program files/microchip/xc32/v4.10/bin/bin/../../lib/gcc/pic32c/8.3.1/../../../../pic32c/lib/thumb/v7e-m+fp/hard\libpic32c.a(data_init.o)
 .debug_line    0x00014026      0x1db c:/program files/microchip/xc32/v4.10/bin/bin/../../lib/gcc/pic32c/8.3.1/../../../../pic32c/lib/thumb/v7e-m+fp/hard\libc-musl.a(__libc_start_main.o)
 .debug_line    0x00014201       0xbf c:/program files/microchip/xc32/v4.10/bin/bin/../../lib/gcc/pic32c/8.3.1/../../../../pic32c/lib/thumb/v7e-m+fp/hard\libc-musl.a(libc.o)
 .debug_line    0x000142c0      0xad2 c:/program files/microchip/xc32/v4.10/bin/bin/../../lib/gcc/pic32c/8.3.1/../../../../pic32c/lib/thumb/v7e-m+fp/hard\libc-musl.a(malloc.o)
 .debug_line    0x00014d92       0xf9 c:/program files/microchip/xc32/v4.10/bin/bin/../../lib/gcc/pic32c/8.3.1/../../../../pic32c/lib/thumb/v7e-m+fp/hard\libc-musl.a(expand_heap.o)
 .debug_line    0x00014e8b      0x1e3 c:/program files/microchip/xc32/v4.10/bin/bin/../../lib/gcc/pic32c/8.3.1/../../../../pic32c/lib/thumb/v7e-m+fp/hard\libc-musl.a(stdin.o)
 .debug_line    0x0001506e      0x195 c:/program files/microchip/xc32/v4.10/bin/bin/../../lib/gcc/pic32c/8.3.1/../../../../pic32c/lib/thumb/v7e-m+fp/hard\libc-musl.a(stdout.o)
 .debug_line    0x00015203      0x13f c:/program files/microchip/xc32/v4.10/bin/bin/../../lib/gcc/pic32c/8.3.1/../../../../pic32c/lib/thumb/v7e-m+fp/hard\libc-musl.a(setbuf.o)
 .debug_line    0x00015342       0xe9 c:/program files/microchip/xc32/v4.10/bin/bin/../../lib/gcc/pic32c/8.3.1/../../../../pic32c/lib/thumb/v7e-m+fp/hard\libc-musl.a(memcmp.o)
 .debug_line    0x0001542b       0xf4 c:/program files/microchip/xc32/v4.10/bin/bin/../../lib/gcc/pic32c/8.3.1/../../../../pic32c/lib/thumb/v7e-m+fp/hard\libc-musl.a(memcpy.o)
 .debug_line    0x0001551f       0xec c:/program files/microchip/xc32/v4.10/bin/bin/../../lib/gcc/pic32c/8.3.1/../../../../pic32c/lib/thumb/v7e-m+fp/hard\libc-musl.a(memset.o)
 .debug_line    0x0001560b       0xe8 c:/program files/microchip/xc32/v4.10/bin/bin/../../lib/gcc/pic32c/8.3.1/../../../../pic32c/lib/thumb/v7e-m+fp/hard\libc-musl.a(strlen.o)
 .debug_line    0x000156f3       0xbc c:/program files/microchip/xc32/v4.10/bin/bin/../../lib/gcc/pic32c/8.3.1/../../../../pic32c/lib/thumb/v7e-m+fp/hard\libc-musl.a(strchr.o)
 .debug_line    0x000157af      0x19f c:/program files/microchip/xc32/v4.10/bin/bin/../../lib/gcc/pic32c/8.3.1/../../../../pic32c/lib/thumb/v7e-m+fp/hard\libc-musl.a(strchrnul.o)
 .debug_line    0x0001594e      0x10f c:/program files/microchip/xc32/v4.10/bin/bin/../../lib/gcc/pic32c/8.3.1/../../../../pic32c/lib/thumb/v7e-m+fp/hard\libc-musl.a(__environ.o)
 .debug_line    0x00015a5d       0xa4 c:/program files/microchip/xc32/v4.10/bin/bin/../../lib/gcc/pic32c/8.3.1/../../../../pic32c/lib/thumb/v7e-m+fp/hard\libc-musl.a(__errno_location.o)
 .debug_line    0x00015b01      0x253 c:/program files/microchip/xc32/v4.10/bin/bin/../../lib/gcc/pic32c/8.3.1/../../../../pic32c/lib/thumb/v7e-m+fp/hard\libc-musl.a(__stdio_read.o)
 .debug_line    0x00015d54      0x1fd c:/program files/microchip/xc32/v4.10/bin/bin/../../lib/gcc/pic32c/8.3.1/../../../../pic32c/lib/thumb/v7e-m+fp/hard\libc-musl.a(__towrite_rw.o)
 .debug_line    0x00015f51      0x233 c:/program files/microchip/xc32/v4.10/bin/bin/../../lib/gcc/pic32c/8.3.1/../../../../pic32c/lib/thumb/v7e-m+fp/hard\libc-musl.a(setvbuf.o)
 .debug_line    0x00016184      0x168 c:/program files/microchip/xc32/v4.10/bin/bin/../../lib/gcc/pic32c/8.3.1/../../../../pic32c/lib/thumb/v7e-m+fp/hard\libc-musl.a(readv.o)
 .debug_line    0x000162ec       0xd2 c:/program files/microchip/xc32/v4.10/bin/bin/../../lib/gcc/pic32c/8.3.1/../../../../pic32c/lib/thumb/v7e-m+fp/hard\libc-musl.a(__init_stdio.o)
 .debug_line    0x000163be      0x23d c:/program files/microchip/xc32/v4.10/bin/bin/../../lib/gcc/pic32c/8.3.1/../../../../pic32c/lib/thumb/v7e-m+fp/hard\libc-musl.a(__out.o)
 .debug_line    0x000165fb      0x1ee c:/program files/microchip/xc32/v4.10/bin/bin/../../lib/gcc/pic32c/8.3.1/../../../../pic32c/lib/thumb/v7e-m+fp/hard\libc-musl.a(__stderr.o)
 .debug_line    0x000167e9      0x30c c:/program files/microchip/xc32/v4.10/bin/bin/../../lib/gcc/pic32c/8.3.1/../../../../pic32c/lib/thumb/v7e-m+fp/hard\libc-musl.a(__stdio_close.o)
 .debug_line    0x00016af5      0x33c c:/program files/microchip/xc32/v4.10/bin/bin/../../lib/gcc/pic32c/8.3.1/../../../../pic32c/lib/thumb/v7e-m+fp/hard\libc-musl.a(__stdio_write.o)
 .debug_line    0x00016e31      0x1ee c:/program files/microchip/xc32/v4.10/bin/bin/../../lib/gcc/pic32c/8.3.1/../../../../pic32c/lib/thumb/v7e-m+fp/hard\libc-musl.a(__stdout.o)
 .debug_line    0x0001701f      0x191 c:/program files/microchip/xc32/v4.10/bin/bin/../../lib/gcc/pic32c/8.3.1/../../../../pic32c/lib/thumb/v7e-m+fp/hard\libc-musl.a(__towrite.o)
 .debug_line    0x000171b0      0x169 c:/program files/microchip/xc32/v4.10/bin/bin/../../lib/gcc/pic32c/8.3.1/../../../../pic32c/lib/thumb/v7e-m+fp/hard\libc-musl.a(writev.o)
 .debug_line    0x00017319       0x9e c:/program files/microchip/xc32/v4.10/bin/bin/../../lib/gcc/pic32c/8.3.1/thumb/v7e-m+fp/hard\libgcc.a(_aeabi_uldivmod.o)
 .debug_line    0x000173b7      0x36d c:/program files/microchip/xc32/v4.10/bin/bin/../../lib/gcc/pic32c/8.3.1/thumb/v7e-m+fp/hard\libgcc.a(_udivmoddi4.o)
 .debug_line    0x00017724       0x9e c:/program files/microchip/xc32/v4.10/bin/bin/../../lib/gcc/pic32c/8.3.1/thumb/v7e-m+fp/hard\libgcc.a(_dvmd_tls.o)
 .debug_line    0x000177c2       0xa0 c:/program files/microchip/xc32/v4.10/bin/bin/../../lib/gcc/pic32c/8.3.1/../../../../pic32c/lib/thumb/v7e-m+fp/hard\libpic32c.a(close.o)
 .debug_line    0x00017862       0xa0 c:/program files/microchip/xc32/v4.10/bin/bin/../../lib/gcc/pic32c/8.3.1/../../../../pic32c/lib/thumb/v7e-m+fp/hard\libpic32c.a(lseek.o)
 .debug_line    0x00017902       0xb7 c:/program files/microchip/xc32/v4.10/bin/bin/../../lib/gcc/pic32c/8.3.1/../../../../pic32c/lib/thumb/v7e-m+fp/hard\libpic32c.a(sbrk.o)

.debug_str      0x00000000     0x1b70
 .debug_str     0x00000000      0x2b0 build/default/production/_ext/1100529066/drv_sdspi.o
 .debug_str     0x000002b0       0xd0 build/default/production/_ext/1100529066/drv_sdspi_driver_interface.o
 .debug_str     0x00000380       0x1e build/default/production/_ext/1100529066/drv_sdspi_file_system.o
 .debug_str     0x0000039e      0x10d build/default/production/_ext/2070931557/drv_spi.o
 .debug_str     0x000004ab      0x13b build/default/production/_ext/1529399856/osal_freertos.o
 .debug_str     0x000005e6       0x1e build/default/production/_ext/1984496892/plib_clock.o
 .debug_str     0x00000604        0x0 build/default/production/_ext/1986646378/plib_evsys.o
 .debug_str     0x00000604        0xa build/default/production/_ext/1865468468/plib_nvic.o
 .debug_str     0x0000060e       0x20 build/default/production/_ext/1593096446/plib_nvmctrl.o
 .debug_str     0x0000062e        0xb build/default/production/_ext/1865521619/plib_port.o
 .debug_str     0x00000639      0x115 build/default/production/_ext/60180175/plib_rtc_timer.o
 .debug_str     0x0000074e      0x120 build/default/production/_ext/714983638/plib_sercom4_i2c_slave.o
 .debug_str     0x0000086e      0x149 build/default/production/_ext/17022449/plib_sercom2_spi_master.o
 .debug_str     0x000009b7      0x135 build/default/production/_ext/504274921/plib_sercom3_usart.o
 .debug_str     0x00000aec       0x27 build/default/production/_ext/163028504/xc32_monitor.o
 .debug_str     0x00000b13       0x80 build/default/production/_ext/411819097/ff.o
 .debug_str     0x00000b93        0x0 build/default/production/_ext/411819097/ffunicode.o
 .debug_str     0x00000b93       0xed build/default/production/_ext/565198302/diskio.o
 .debug_str     0x00000c80      0x153 build/default/production/_ext/1269487135/sys_fs.o
 .debug_str     0x00000dd3       0xd2 build/default/production/_ext/1269487135/sys_fs_media_manager.o
 .debug_str     0x00000ea5       0x96 build/default/production/_ext/1269487135/sys_fs_fat_interface.o
 .debug_str     0x00000f3b       0x32 build/default/production/_ext/1881668453/sys_int.o
 .debug_str     0x00000f6d      0x104 build/default/production/_ext/101884895/sys_time.o
 .debug_str     0x00001071      0x15f build/default/production/_ext/1171490990/initialization.o
 .debug_str     0x000011d0        0x0 build/default/production/_ext/1171490990/interrupts.o
 .debug_str     0x000011d0        0x0 build/default/production/_ext/1171490990/exceptions.o
 .debug_str     0x000011d0       0x2f build/default/production/_ext/1171490990/startup_xc32.o
 .debug_str     0x000011ff       0x25 build/default/production/_ext/1171490990/freertos_hooks.o
 .debug_str     0x00001224       0x5f build/default/production/_ext/1171490990/tasks.o
 .debug_str     0x00001283       0x26 build/default/production/_ext/246609638/port.o
 .debug_str     0x000012a9       0x3c build/default/production/_ext/1665200909/heap_1.o
 .debug_str     0x000012e5       0x2b build/default/production/_ext/404212886/list.o
 .debug_str     0x00001310      0x27f build/default/production/_ext/404212886/queue.o
 .debug_str     0x0000158f      0x275 build/default/production/_ext/404212886/FreeRTOS_tasks.o
 .debug_str     0x00001804       0x19 build/default/production/_ext/1360937237/main.o
 .debug_str     0x0000181d       0xbb build/default/production/_ext/1360937237/app.o
 .debug_str     0x000018d8       0x35 build/default/production/_ext/1360937237/pdu_packet.o
 .debug_str     0x0000190d        0x0 c:/program files/microchip/xc32/v4.10/bin/bin/../../lib/gcc/pic32c/8.3.1/../../../../pic32c/lib/thumb/v7e-m+fp/hard\libpic32c.a(data_init.o)
 .debug_str     0x0000190d        0x0 c:/program files/microchip/xc32/v4.10/bin/bin/../../lib/gcc/pic32c/8.3.1/../../../../pic32c/lib/thumb/v7e-m+fp/hard\libc-musl.a(__libc_start_main.o)
 .debug_str     0x0000190d        0x0 c:/program files/microchip/xc32/v4.10/bin/bin/../../lib/gcc/pic32c/8.3.1/../../../../pic32c/lib/thumb/v7e-m+fp/hard\libc-musl.a(libc.o)
 .debug_str     0x0000190d       0x13 c:/program files/microchip/xc32/v4.10/bin/bin/../../lib/gcc/pic32c/8.3.1/../../../../pic32c/lib/thumb/v7e-m+fp/hard\libc-musl.a(malloc.o)
 .debug_str     0x00001920        0x0 c:/program files/microchip/xc32/v4.10/bin/bin/../../lib/gcc/pic32c/8.3.1/../../../../pic32c/lib/thumb/v7e-m+fp/hard\libc-musl.a(expand_heap.o)
 .debug_str     0x00001920        0xf c:/program files/microchip/xc32/v4.10/bin/bin/../../lib/gcc/pic32c/8.3.1/../../../../pic32c/lib/thumb/v7e-m+fp/hard\libc-musl.a(stdin.o)
 .debug_str     0x0000192f       0x11 c:/program files/microchip/xc32/v4.10/bin/bin/../../lib/gcc/pic32c/8.3.1/../../../../pic32c/lib/thumb/v7e-m+fp/hard\libc-musl.a(stdout.o)
 .debug_str     0x00001940        0x0 c:/program files/microchip/xc32/v4.10/bin/bin/../../lib/gcc/pic32c/8.3.1/../../../../pic32c/lib/thumb/v7e-m+fp/hard\libc-musl.a(setbuf.o)
 .debug_str     0x00001940        0x0 c:/program files/microchip/xc32/v4.10/bin/bin/../../lib/gcc/pic32c/8.3.1/../../../../pic32c/lib/thumb/v7e-m+fp/hard\libc-musl.a(memcmp.o)
 .debug_str     0x00001940        0x0 c:/program files/microchip/xc32/v4.10/bin/bin/../../lib/gcc/pic32c/8.3.1/../../../../pic32c/lib/thumb/v7e-m+fp/hard\libc-musl.a(memcpy.o)
 .debug_str     0x00001940        0x0 c:/program files/microchip/xc32/v4.10/bin/bin/../../lib/gcc/pic32c/8.3.1/../../../../pic32c/lib/thumb/v7e-m+fp/hard\libc-musl.a(memset.o)
 .debug_str     0x00001940        0x0 c:/program files/microchip/xc32/v4.10/bin/bin/../../lib/gcc/pic32c/8.3.1/../../../../pic32c/lib/thumb/v7e-m+fp/hard\libc-musl.a(strlen.o)
 .debug_str     0x00001940        0xc c:/program files/microchip/xc32/v4.10/bin/bin/../../lib/gcc/pic32c/8.3.1/../../../../pic32c/lib/thumb/v7e-m+fp/hard\libc-musl.a(strchr.o)
 .debug_str     0x0000194c        0x0 c:/program files/microchip/xc32/v4.10/bin/bin/../../lib/gcc/pic32c/8.3.1/../../../../pic32c/lib/thumb/v7e-m+fp/hard\libc-musl.a(strchrnul.o)
 .debug_str     0x0000194c        0x0 c:/program files/microchip/xc32/v4.10/bin/bin/../../lib/gcc/pic32c/8.3.1/../../../../pic32c/lib/thumb/v7e-m+fp/hard\libc-musl.a(__environ.o)
 .debug_str     0x0000194c        0x0 c:/program files/microchip/xc32/v4.10/bin/bin/../../lib/gcc/pic32c/8.3.1/../../../../pic32c/lib/thumb/v7e-m+fp/hard\libc-musl.a(__errno_location.o)
 .debug_str     0x0000194c        0x0 c:/program files/microchip/xc32/v4.10/bin/bin/../../lib/gcc/pic32c/8.3.1/../../../../pic32c/lib/thumb/v7e-m+fp/hard\libc-musl.a(__stdio_read.o)
 .debug_str     0x0000194c        0x0 c:/program files/microchip/xc32/v4.10/bin/bin/../../lib/gcc/pic32c/8.3.1/../../../../pic32c/lib/thumb/v7e-m+fp/hard\libc-musl.a(__towrite_rw.o)
 .debug_str     0x0000194c       0x10 c:/program files/microchip/xc32/v4.10/bin/bin/../../lib/gcc/pic32c/8.3.1/../../../../pic32c/lib/thumb/v7e-m+fp/hard\libc-musl.a(setvbuf.o)
 .debug_str     0x0000195c        0x0 c:/program files/microchip/xc32/v4.10/bin/bin/../../lib/gcc/pic32c/8.3.1/../../../../pic32c/lib/thumb/v7e-m+fp/hard\libc-musl.a(readv.o)
 .debug_str     0x0000195c        0x0 c:/program files/microchip/xc32/v4.10/bin/bin/../../lib/gcc/pic32c/8.3.1/../../../../pic32c/lib/thumb/v7e-m+fp/hard\libc-musl.a(__init_stdio.o)
 .debug_str     0x0000195c        0x0 c:/program files/microchip/xc32/v4.10/bin/bin/../../lib/gcc/pic32c/8.3.1/../../../../pic32c/lib/thumb/v7e-m+fp/hard\libc-musl.a(__out.o)
 .debug_str     0x0000195c       0x11 c:/program files/microchip/xc32/v4.10/bin/bin/../../lib/gcc/pic32c/8.3.1/../../../../pic32c/lib/thumb/v7e-m+fp/hard\libc-musl.a(__stderr.o)
 .debug_str     0x0000196d        0x0 c:/program files/microchip/xc32/v4.10/bin/bin/../../lib/gcc/pic32c/8.3.1/../../../../pic32c/lib/thumb/v7e-m+fp/hard\libc-musl.a(__stdio_close.o)
 .debug_str     0x0000196d        0xa c:/program files/microchip/xc32/v4.10/bin/bin/../../lib/gcc/pic32c/8.3.1/../../../../pic32c/lib/thumb/v7e-m+fp/hard\libc-musl.a(__stdio_write.o)
 .debug_str     0x00001977       0x11 c:/program files/microchip/xc32/v4.10/bin/bin/../../lib/gcc/pic32c/8.3.1/../../../../pic32c/lib/thumb/v7e-m+fp/hard\libc-musl.a(__stdout.o)
 .debug_str     0x00001988        0x0 c:/program files/microchip/xc32/v4.10/bin/bin/../../lib/gcc/pic32c/8.3.1/../../../../pic32c/lib/thumb/v7e-m+fp/hard\libc-musl.a(__towrite.o)
 .debug_str     0x00001988        0x0 c:/program files/microchip/xc32/v4.10/bin/bin/../../lib/gcc/pic32c/8.3.1/../../../../pic32c/lib/thumb/v7e-m+fp/hard\libc-musl.a(writev.o)
 .debug_str     0x00001988       0xf2 c:/program files/microchip/xc32/v4.10/bin/bin/../../lib/gcc/pic32c/8.3.1/thumb/v7e-m+fp/hard\libgcc.a(_aeabi_uldivmod.o)
 .debug_str     0x00001a7a        0x0 c:/program files/microchip/xc32/v4.10/bin/bin/../../lib/gcc/pic32c/8.3.1/thumb/v7e-m+fp/hard\libgcc.a(_udivmoddi4.o)
 .debug_str     0x00001a7a       0xf6 c:/program files/microchip/xc32/v4.10/bin/bin/../../lib/gcc/pic32c/8.3.1/thumb/v7e-m+fp/hard\libgcc.a(_dvmd_tls.o)
 .debug_str     0x00001b70        0x0 c:/program files/microchip/xc32/v4.10/bin/bin/../../lib/gcc/pic32c/8.3.1/../../../../pic32c/lib/thumb/v7e-m+fp/hard\libpic32c.a(close.o)
 .debug_str     0x00001b70        0x0 c:/program files/microchip/xc32/v4.10/bin/bin/../../lib/gcc/pic32c/8.3.1/../../../../pic32c/lib/thumb/v7e-m+fp/hard\libpic32c.a(lseek.o)
 .debug_str     0x00001b70        0x0 c:/program files/microchip/xc32/v4.10/bin/bin/../../lib/gcc/pic32c/8.3.1/../../../../pic32c/lib/thumb/v7e-m+fp/hard\libpic32c.a(sbrk.o)

.debug_frame    0x00000000     0x3ac4
 .debug_frame   0x00000000      0x260 build/default/production/_ext/1100529066/drv_sdspi.o
 .debug_frame   0x00000260      0x14c build/default/production/_ext/1100529066/drv_sdspi_driver_interface.o
 .debug_frame   0x000003ac       0x28 build/default/production/_ext/1100529066/drv_sdspi_file_system.o
 .debug_frame   0x000003d4      0x160 build/default/production/_ext/2070931557/drv_spi.o
 .debug_frame   0x00000534      0x180 build/default/production/_ext/1529399856/osal_freertos.o
 .debug_frame   0x000006b4       0x20 build/default/production/_ext/1984496892/plib_clock.o
 .debug_frame   0x000006d4       0x20 build/default/production/_ext/1986646378/plib_evsys.o
 .debug_frame   0x000006f4       0x50 build/default/production/_ext/1865468468/plib_nvic.o